.\gradlew.bat : WARNI
NG: A restricted meth
od in java.lang.Syste
m has been called
所在位置 行:1 字符: 1
+ .\gradlew.bat assem
bleDebug 2>&1 | Out-F
ile -FilePath build_o
utput.tx ...
+ ~~~~~~~~~~~~~~~~~~~
~~~~~~~~~~~~~
    + CategoryInfo   
           : NotSpe  
  cified: (WARNING   
 : A rest...has b    
een called:Strin    g
) [], RemoteExc    ep
tion
    + FullyQualified 
   ErrorId : Native  
  CommandError
 
WARNING: java.lang.Sy
stem::load has been c
alled by net.rubygrap
efruit.platform.inter
nal.NativeLibraryLoad
er in an unnamed modu
le (file:/C:/Users/28
692/.gradle/wrapper/d
ists/gradle-9.0-miles
tone-1-bin/3vdepk4s12
bybhohyuvjcm1bd/gradl
e-9.0-milestone-1/lib
/native-platform-0.22
-milestone-28.jar)
WARNING: Use --enable
-native-access=ALL-UN
NAMED to avoid a warn
ing for callers in th
is module
WARNING: Restricted m
ethods will be blocke
d in a future release
 unless native access
 is enabled

Starting a Gradle Daemon, 1 incompatible and 6 stopped Daemons could not be reused, use --status for details
> Task :app:preBuild UP-TO-DATE
> Task :app:preDebugBuild UP-TO-DATE
> Task :app:mergeDebugNativeDebugMetadata NO-SOURCE
> Task :app:generateDebugBuildConfig UP-TO-DATE
> Task :app:javaPreCompileDebug UP-TO-DATE
> Task :app:checkDebugAarMetadata UP-TO-DATE
> Task :app:processDebugNavigationResources UP-TO-DATE
> Task :app:compileDebugNavigationResources UP-TO-DATE
> Task :app:generateDebugResValues UP-TO-DATE
> Task :app:mapDebugSourceSetPaths UP-TO-DATE
> Task :app:generateDebugResources UP-TO-DATE
> Task :app:mergeDebugResources UP-TO-DATE
> Task :app:packageDebugResources UP-TO-DATE
> Task :app:parseDebugLocalResources UP-TO-DATE
> Task :app:createDebugCompatibleScreenManifests UP-TO-DATE
> Task :app:extractDeepLinksDebug UP-TO-DATE
> Task :app:processDebugMainManifest
> Task :app:processDebugManifest
> Task :app:mergeDebugShaders UP-TO-DATE
> Task :app:compileDebugShaders NO-SOURCE
> Task :app:generateDebugAssets UP-TO-DATE
> Task :app:mergeDebugAssets UP-TO-DATE
> Task :app:compressDebugAssets UP-TO-DATE
> Task :app:desugarDebugFileDependencies UP-TO-DATE
> Task :app:processDebugJavaRes NO-SOURCE
> Task :app:mergeDebugJavaResource UP-TO-DATE
> Task :app:checkDebugDuplicateClasses UP-TO-DATE
> Task :app:mergeExtDexDebug UP-TO-DATE
> Task :app:mergeLibDexDebug UP-TO-DATE
> Task :app:mergeDebugJniLibFolders UP-TO-DATE
> Task :app:mergeDebugNativeLibs NO-SOURCE
> Task :app:stripDebugDebugSymbols NO-SOURCE
> Task :app:validateSigningDebug UP-TO-DATE
> Task :app:writeDebugAppMetadata UP-TO-DATE
> Task :app:writeDebugSigningConfigVersions UP-TO-DATE
> Task :app:processDebugManifestForPackage
> Task :app:processDebugResources

> Task :app:compileDebugJavaWithJavac
C:\Users\28692\Deskto
p\miniapp\app\src\mai
n\java\com\example\po
cketledger\LedgerFrag
ment.java:164: 閿欒: 鎵
句笉鍒扮鍙?            Te
xtView tvPercent = st
atView.findViewById(R
.id.tvStatPercent);
                     
                     
                 ^
  绗﹀彿:   鍙橀噺 tvStatPe
rcent
  浣嶇疆: 绫?id
C:\Users\28692\Deskto
p\miniapp\app\src\mai
n\java\com\example\po
cketledger\LedgerFrag
ment.java:165: 閿欒: 鎵
句笉鍒扮鍙?            Vi
ew colorDot = statVie
w.findViewById(R.id.c
olorDot);
                     
                     
            ^
  绗﹀彿:   鍙橀噺 colorDot
  浣嶇疆: 绫?id
C:\Users\28692\Deskto
p\miniapp\app\src\mai
n\java\com\example\po
cketledger\LedgerFrag
ment.java:178: 閿欒: 鎵
句笉鍒扮鍙?              
  .inflate(R.layout.d
ialog_set_budget, nul
l);
                     
            ^
  绗﹀彿:   鍙橀噺 dialog_s
et_budget
  浣嶇疆: 绫?layout
C:\Users\28692\Deskto
p\miniapp\app\src\mai
n\java\com\example\po
cketledger\LedgerFrag
ment.java:179: 閿欒: 鎵
句笉鍒扮鍙?        TextIn
putEditText etBudget 
= dialogView.findView
ById(R.id.etBudget);
                     
                     
                     
  ^
  绗﹀彿:   鍙橀噺 etBudget
  浣嶇疆: 绫?id
娉? 鏌愪簺杈撳叆鏂囦欢浣跨敤鎴栬鐩栦簡
宸茶繃鏃剁殑 API銆?
娉? 鏈夊叧璇︾粏淇℃伅, 璇蜂娇鐢?-X
lint:deprecation 閲嶆柊缂
栬瘧銆?
4 涓敊璇?

> Task :app:compileDebugJavaWithJavac FAILED

[Incubating] Problems report is available at: file:///C:/Users/28692/Desktop/miniapp/build/reports/problems/problems-report.html

FAILURE: Build failed
 with an exception.

* What went wrong:
Execution failed for 
task ':app:compileDeb
ugJavaWithJavac'.
> Compilation failed;
 see the compiler out
put below.
  娉? 鏈夊叧璇︾粏淇℃伅, 璇蜂娇鐢?
-Xlint:deprecation 閲嶆
柊缂栬瘧銆?
  C:\Users\28692\Desk
top\miniapp\app\src\m
ain\java\com\example\
pocketledger\LedgerFr
agment.java:164: 閿欒:
 鎵句笉鍒扮鍙?            
  TextView tvPercent 
= statView.findViewBy
Id(R.id.tvStatPercent
);
                     
                     
                   ^
    绗﹀彿:   鍙橀噺 tvStat
Percent
    浣嶇疆: 绫?id
  C:\Users\28692\Desk
top\miniapp\app\src\m
ain\java\com\example\
pocketledger\LedgerFr
agment.java:165: 閿欒:
 鎵句笉鍒扮鍙?            
  View colorDot = sta
tView.findViewById(R.
id.colorDot);
                     
                     
              ^
    绗﹀彿:   鍙橀噺 colorD
ot
    浣嶇疆: 绫?id
  C:\Users\28692\Desk
top\miniapp\app\src\m
ain\java\com\example\
pocketledger\LedgerFr
agment.java:178: 閿欒:
 鎵句笉鍒扮鍙?            
      .inflate(R.layo
ut.dialog_set_budget,
 null);
                     
              ^
    绗﹀彿:   鍙橀噺 dialog
_set_budget
    浣嶇疆: 绫?layout
  C:\Users\28692\Desk
top\miniapp\app\src\m
ain\java\com\example\
pocketledger\LedgerFr
agment.java:179: 閿欒:
 鎵句笉鍒扮鍙?          Te
xtInputEditText etBud
get = dialogView.find
ViewById(R.id.etBudge
t);
                     
                     
                     
    ^
    绗﹀彿:   鍙橀噺 etBudg
et
    浣嶇疆: 绫?id
  娉? 鏌愪簺杈撳叆鏂囦欢浣跨敤鎴栬鐩
栦簡宸茶繃鏃剁殑 API銆?
  4 涓敊璇?

* Try:
> Check your code and
 dependencies to fix 
the compilation error
(s)
> Run with --scan to 
get full insights.

Deprecated Gradle features were used in this build, making it incompatible with Gradle 10.0.

You can use '--warning-mode all' to show the individual deprecation warnings and determine if they come from your own scripts or plugins.

For more on this, please refer to https://docs.gradle.org/9.0-milestone-1/userguide/command_line_interface.html#sec:command_line_warnings in the Gradle documentation.
30 actionable tasks: 5 executed, 25 up-to-date

BUILD FAILED in 30s
