.\gradlew.bat : WARNI
NG: A restricted meth
od in java.lang.Syste
m has been called
所在位置 行:1 字符: 1
+ .\gradlew.bat compi
leDebugJavaWithJavac 
2>&1 | Out-File -File
Path com ...
+ ~~~~~~~~~~~~~~~~~~~
~~~~~~~~~~~~~~~~~~~~~
~~~~
    + CategoryInfo   
           : NotSpe  
  cified: (WARNING   
 : A rest...has b    
een called:Strin    g
) [], RemoteExc    ep
tion
    + FullyQualified 
   ErrorId : Native  
  CommandError
 
WARNING: java.lang.Sy
stem::load has been c
alled by net.rubygrap
efruit.platform.inter
nal.NativeLibraryLoad
er in an unnamed modu
le (file:/C:/Users/28
692/.gradle/wrapper/d
ists/gradle-9.0-miles
tone-1-bin/3vdepk4s12
bybhohyuvjcm1bd/gradl
e-9.0-milestone-1/lib
/native-platform-0.22
-milestone-28.jar)
WARNING: Use --enable
-native-access=ALL-UN
NAMED to avoid a warn
ing for callers in th
is module
WARNING: Restricted m
ethods will be blocke
d in a future release
 unless native access
 is enabled

> Task :app:preBuild UP-TO-DATE
> Task :app:preDebugBuild UP-TO-DATE
> Task :app:generateDebugBuildConfig UP-TO-DATE
> Task :app:javaPreCompileDebug UP-TO-DATE
> Task :app:checkDebugAarMetadata UP-TO-DATE
> Task :app:processDebugNavigationResources
> Task :app:compileDebugNavigationResources UP-TO-DATE
> Task :app:generateDebugResValues UP-TO-DATE
> Task :app:mapDebugSourceSetPaths
> Task :app:generateDebugResources
> Task :app:packageDebugResources
> Task :app:createDebugCompatibleScreenManifests UP-TO-DATE
> Task :app:extractDeepLinksDebug UP-TO-DATE
> Task :app:parseDebugLocalResources
> Task :app:processDebugMainManifest
> Task :app:processDebugManifest
> Task :app:processDebugManifestForPackage
> Task :app:mergeDebugResources
> Task :app:processDebugResources

娉? 鏌愪簺杈撳叆鏂囦欢浣跨敤鎴栬鐩栦簡
宸茶繃鏃剁殑 API銆?
娉? 鏈夊叧璇︾粏淇℃伅, 璇蜂娇鐢?-X
lint:deprecation 閲嶆柊缂
栬瘧銆?
> Task :app:compileDebugJavaWithJavac

[Incubating] Problems report is available at: file:///C:/Users/28692/Desktop/miniapp/build/reports/problems/problems-report.html

Deprecated Gradle features were used in this build, making it incompatible with Gradle 10.0.

You can use '--warning-mode all' to show the individual deprecation warnings and determine if they come from your own scripts or plugins.

For more on this, please refer to https://docs.gradle.org/9.0-milestone-1/userguide/command_line_interface.html#sec:command_line_warnings in the Gradle documentation.

BUILD SUCCESSFUL in 2s
18 actionable tasks: 11 executed, 7 up-to-date
