.\gradlew.bat : WARNI
NG: A restricted meth
od in java.lang.Syste
m has been called
所在位置 行:1 字符: 1
+ .\gradlew.bat test 
--info 2>&1 | Out-Fil
e -FilePath test_outp
ut.txt;  ...
+ ~~~~~~~~~~~~~~~~~~~
~~~~~~~~~~~
    + CategoryInfo   
           : NotSpe  
  cified: (WARNING   
 : A rest...has b    
een called:Strin    g
) [], RemoteExc    ep
tion
    + FullyQualified 
   ErrorId : Native  
  CommandError
 
WARNING: java.lang.Sy
stem::load has been c
alled by net.rubygrap
efruit.platform.inter
nal.NativeLibraryLoad
er in an unnamed modu
le (file:/C:/Users/28
692/.gradle/wrapper/d
ists/gradle-9.0-miles
tone-1-bin/3vdepk4s12
bybhohyuvjcm1bd/gradl
e-9.0-milestone-1/lib
/native-platform-0.22
-milestone-28.jar)
WARNING: Use --enable
-native-access=ALL-UN
NAMED to avoid a warn
ing for callers in th
is module
WARNING: Restricted m
ethods will be blocke
d in a future release
 unless native access
 is enabled

Initialized native services in: C:\Users\28692\.gradle\native
Initialized jansi services in: C:\Users\28692\.gradle\native
Found daemon DaemonInfo{pid=41656, address=[5d6c5354-97d8-407c-8266-c91666054e68 port:62374, addresses:[/127.0.0.1]], state=Idle, lastBusy=1766629955702, context=DefaultDaemonContext[uid=25cee02f-b0ec-4bab-9527-a04ec74b9657,javaHome=C:\Program Files\Android\Android Studio\jbr,javaVersion=21,javaVendor=JetBrains s.r.o.,daemonRegistryDir=C:\Users\28692\.gradle\daemon,pid=41656,idleTimeout=10800000,priority=NORMAL,applyInstrumentationAgent=true,nativeServicesMode=ENABLED,daemonOpts=-XX:MaxMetaspaceSize=384m,-XX:+HeapDumpOnOutOfMemoryError,-Xms256m,-Xmx512m,-Dfile.encoding=UTF-8,-Duser.country=CN,-Duser.language=zh,-Duser.variant]} however its context does not match the desired criteria.
JVM is incompatible.
Wanted: DaemonRequestContext{jvmCriteria=C:\Program Files\Java\jdk-25 (no JDK specified, using current Java home), daemonOpts=[-XX:MaxMetaspaceSize=384m, -XX:+HeapDumpOnOutOfMemoryError, -Xms256m, -Xmx512m, -Dfile.encoding=UTF-8, -Duser.country=CN, -Duser.language=zh, -Duser.variant], applyInstrumentationAgent=true, nativeServicesMode=ENABLED, priority=NORMAL}
Actual: DefaultDaemonContext[uid=25cee02f-b0ec-4bab-9527-a04ec74b9657,javaHome=C:\Program Files\Android\Android Studio\jbr,javaVersion=21,javaVendor=JetBrains s.r.o.,daemonRegistryDir=C:\Users\28692\.gradle\daemon,pid=41656,idleTimeout=10800000,priority=NORMAL,applyInstrumentationAgent=true,nativeServicesMode=ENABLED,daemonOpts=-XX:MaxMetaspaceSize=384m,-XX:+HeapDumpOnOutOfMemoryError,-Xms256m,-Xmx512m,-Dfile.encoding=UTF-8,-Duser.country=CN,-Duser.language=zh,-Duser.variant]

  Looking for a different daemon...
Found daemon DaemonInfo{pid=42460, address=[a5532218-a56d-4bd4-9076-2741a2059161 port:54935, addresses:[/127.0.0.1]], state=Idle, lastBusy=1766930314712, context=DefaultDaemonContext[uid=69047e60-26b1-4921-9e50-f677ff51b9a8,javaHome=C:\Users\28692\.antigravity\extensions\redhat.java-1.50.0-win32-x64\jre\21.0.9-win32-x86_64,javaVersion=21,javaVendor=Eclipse Adoptium,daemonRegistryDir=C:\Users\28692\.gradle\daemon,pid=42460,idleTimeout=10800000,priority=NORMAL,applyInstrumentationAgent=true,nativeServicesMode=ENABLED,daemonOpts=-XX:MaxMetaspaceSize=384m,-XX:+HeapDumpOnOutOfMemoryError,-Xms256m,-Xmx512m,-Dfile.encoding=UTF-8,-Duser.country=CN,-Duser.language=zh,-Duser.variant]} however its context does not match the desired criteria.
JVM is incompatible.
Wanted: DaemonRequestContext{jvmCriteria=C:\Program Files\Java\jdk-25 (no JDK specified, using current Java home), daemonOpts=[-XX:MaxMetaspaceSize=384m, -XX:+HeapDumpOnOutOfMemoryError, -Xms256m, -Xmx512m, -Dfile.encoding=UTF-8, -Duser.country=CN, -Duser.language=zh, -Duser.variant], applyInstrumentationAgent=true, nativeServicesMode=ENABLED, priority=NORMAL}
Actual: DefaultDaemonContext[uid=69047e60-26b1-4921-9e50-f677ff51b9a8,javaHome=C:\Users\28692\.antigravity\extensions\redhat.java-1.50.0-win32-x64\jre\21.0.9-win32-x86_64,javaVersion=21,javaVendor=Eclipse Adoptium,daemonRegistryDir=C:\Users\28692\.gradle\daemon,pid=42460,idleTimeout=10800000,priority=NORMAL,applyInstrumentationAgent=true,nativeServicesMode=ENABLED,daemonOpts=-XX:MaxMetaspaceSize=384m,-XX:+HeapDumpOnOutOfMemoryError,-Xms256m,-Xmx512m,-Dfile.encoding=UTF-8,-Duser.country=CN,-Duser.language=zh,-Duser.variant]

  Looking for a different daemon...
The client will now receive all logging from the daemon (pid: 17056). The daemon log file: C:\Users\28692\.gradle\daemon\9.0-milestone-1\daemon-17056.out.log
Starting 5th build in daemon [uptime: 1 mins 31.536 secs, performance: 99%, GC rate: 0.00/s, heap usage: 2% of 512 MiB, non-heap usage: 33% of 384 MiB]
Using 24 worker leases.
Now considering [C:\Users\28692\Desktop\miniapp] as hierarchies to watch
Watching the file system is configured to be enabled if available
File system watching is active
Starting Build
Settings evaluated using settings file 'C:\Users\28692\Desktop\miniapp\settings.gradle'.
Projects loaded. Root project using build file 'C:\Users\28692\Desktop\miniapp\build.gradle'.
Included projects: [root project 'PocketLedger', project ':app']

> Configure project :
Evaluating root project 'PocketLedger' using build file 'C:\Users\28692\Desktop\miniapp\build.gradle'.
Resolved plugin [id: 'com.android.application', version: '8.13.2', apply: false]

> Configure project :app
Evaluating project ':app' using build file 'C:\Users\28692\Desktop\miniapp\app\build.gradle'.
Resolved plugin [id: 'com.android.application']
Using default execution profile
All projects evaluated.
Task name matched 'test'
Selected primary task 'test' from project :
Tasks to be executed: [task ':app:preBuild', task ':app:preDebugBuild', task ':app:generateDebugBuildConfig', task ':app:javaPreCompileDebug', task ':app:checkDebugAarMetadata', task ':app:processDebugNavigationResources', task ':app:compileDebugNavigationResources', task ':app:generateDebugResValues', task ':app:mapDebugSourceSetPaths', task ':app:generateDebugResources', task ':app:mergeDebugResources', task ':app:packageDebugResources', task ':app:parseDebugLocalResources', task ':app:createDebugCompatibleScreenManifests', task ':app:extractDeepLinksDebug', task ':app:processDebugMainManifest', task ':app:processDebugManifest', task ':app:processDebugManifestForPackage', task ':app:processDebugResources', task ':app:compileDebugJavaWithJavac', task ':app:bundleDebugClassesToRuntimeJar', task ':app:bundleDebugClassesToCompileJar', task ':app:preDebugUnitTestBuild', task ':app:javaPreCompileDebugUnitTest', task ':app:compileDebugUnitTestJavaWithJavac', task ':app:processDebugJavaRes', task ':app:processDebugUnitTestJavaRes', task ':app:testDebugUnitTest', task ':app:preReleaseBuild', task ':app:generateReleaseBuildConfig', task ':app:javaPreCompileRelease', task ':app:checkReleaseAarMetadata', task ':app:processReleaseNavigationResources', task ':app:compileReleaseNavigationResources', task ':app:generateReleaseResValues', task ':app:mapReleaseSourceSetPaths', task ':app:generateReleaseResources', task ':app:mergeReleaseResources', task ':app:packageReleaseResources', task ':app:parseReleaseLocalResources', task ':app:createReleaseCompatibleScreenManifests', task ':app:extractDeepLinksRelease', task ':app:processReleaseMainManifest', task ':app:processReleaseManifest', task ':app:processReleaseManifestForPackage', task ':app:processReleaseResources', task ':app:compileReleaseJavaWithJavac', task ':app:bundleReleaseClassesToRuntimeJar', task ':app:bundleReleaseClassesToCompileJar', task ':app:preReleaseUnitTestBuild', task ':app:javaPreCompileReleaseUnitTest', task ':app:compileReleaseUnitTestJavaWithJavac', task ':app:processReleaseJavaRes', task ':app:processReleaseUnitTestJavaRes', task ':app:testReleaseUnitTest', task ':app:test']
Tasks that were excluded: []
Resolve mutations for :app:preBuild (Thread[#861,Execution worker,5,main]) started.
:app:preBuild (Thread[#872,Execution worker Thread 12,5,main]) started.

> Task :app:preBuild UP-TO-DATE
Skipping task ':app:preBuild' as it has no actions.
Resolve mutations for :app:preDebugBuild (Thread[#872,Execution worker Thread 12,5,main]) started.
:app:preDebugBuild (Thread[#879,Execution worker Thread 19,5,main]) started.

> Task :app:preDebugBuild UP-TO-DATE
Skipping task ':app:preDebugBuild' as it has no actions.
Resolve mutations for :app:generateDebugBuildConfig (Thread[#879,Execution worker Thread 19,5,main]) started.
:app:generateDebugBuildConfig (Thread[#879,Execution worker Thread 19,5,main]) started.

> Task :app:generateDebugBuildConfig UP-TO-DATE
Caching disabled for task ':app:generateDebugBuildConfig' because:
  Build cache is disabled
Skipping task ':app:generateDebugBuildConfig' as it is up-to-date.
Resolve mutations for :app:javaPreCompileDebug (Thread[#879,Execution worker Thread 19,5,main]) started.
:app:javaPreCompileDebug (Thread[#879,Execution worker Thread 19,5,main]) started.

> Task :app:javaPreCompileDebug UP-TO-DATE
Caching disabled for task ':app:javaPreCompileDebug' because:
  Build cache is disabled
Skipping task ':app:javaPreCompileDebug' as it is up-to-date.
Resolve mutations for :app:checkDebugAarMetadata (Thread[#879,Execution worker Thread 19,5,main]) started.
:app:checkDebugAarMetadata (Thread[#879,Execution worker Thread 19,5,main]) started.

> Task :app:checkDebugAarMetadata UP-TO-DATE
Caching disabled for task ':app:checkDebugAarMetadata' because:
  Build cache is disabled
  Caching has been disabled for the task
Skipping task ':app:checkDebugAarMetadata' as it is up-to-date.
Resolve mutations for :app:processDebugNavigationResources (Thread[#879,Execution worker Thread 19,5,main]) started.
:app:processDebugNavigationResources (Thread[#879,Execution worker Thread 19,5,main]) started.

> Task :app:processDebugNavigationResources UP-TO-DATE
Caching disabled for task ':app:processDebugNavigationResources' because:
  Build cache is disabled
Skipping task ':app:processDebugNavigationResources' as it is up-to-date.
Resolve mutations for :app:compileDebugNavigationResources (Thread[#879,Execution worker Thread 19,5,main]) started.
:app:compileDebugNavigationResources (Thread[#882,Execution worker Thread 22,5,main]) started.

> Task :app:compileDebugNavigationResources UP-TO-DATE
Caching disabled for task ':app:compileDebugNavigationResources' because:
  Build cache is disabled
Skipping task ':app:compileDebugNavigationResources' as it is up-to-date.
Resolve mutations for :app:generateDebugResValues (Thread[#882,Execution worker Thread 22,5,main]) started.
:app:generateDebugResValues (Thread[#882,Execution worker Thread 22,5,main]) started.

> Task :app:generateDebugResValues UP-TO-DATE
Caching disabled for task ':app:generateDebugResValues' because:
  Build cache is disabled
Skipping task ':app:generateDebugResValues' as it is up-to-date.
Resolve mutations for :app:mapDebugSourceSetPaths (Thread[#882,Execution worker Thread 22,5,main]) started.
:app:mapDebugSourceSetPaths (Thread[#882,Execution worker Thread 22,5,main]) started.

> Task :app:mapDebugSourceSetPaths UP-TO-DATE
Caching disabled for task ':app:mapDebugSourceSetPaths' because:
  Build cache is disabled
  Caching has been disabled for the task
Skipping task ':app:mapDebugSourceSetPaths' as it is up-to-date.
Resolve mutations for :app:generateDebugResources (Thread[#882,Execution worker Thread 22,5,main]) started.
:app:generateDebugResources (Thread[#882,Execution worker Thread 22,5,main]) started.

> Task :app:generateDebugResources UP-TO-DATE
Caching disabled for task ':app:generateDebugResources' because:
  Build cache is disabled
Skipping task ':app:generateDebugResources' as it is up-to-date.
Resolve mutations for :app:mergeDebugResources (Thread[#882,Execution worker Thread 22,5,main]) started.
:app:mergeDebugResources (Thread[#882,Execution worker Thread 22,5,main]) started.

> Task :app:mergeDebugResources UP-TO-DATE
Caching disabled for task ':app:mergeDebugResources' because:
  Build cache is disabled
Skipping task ':app:mergeDebugResources' as it is up-to-date.
Resolve mutations for :app:packageDebugResources (Thread[#869,Execution worker Thread 9,5,main]) started.
:app:packageDebugResources (Thread[#869,Execution worker Thread 9,5,main]) started.

> Task :app:packageDebugResources UP-TO-DATE
Caching disabled for task ':app:packageDebugResources' because:
  Build cache is disabled
Skipping task ':app:packageDebugResources' as it is up-to-date.
Resolve mutations for :app:parseDebugLocalResources (Thread[#869,Execution worker Thread 9,5,main]) started.
:app:parseDebugLocalResources (Thread[#869,Execution worker Thread 9,5,main]) started.

> Task :app:parseDebugLocalResources UP-TO-DATE
Caching disabled for task ':app:parseDebugLocalResources' because:
  Build cache is disabled
Skipping task ':app:parseDebugLocalResources' as it is up-to-date.
Resolve mutations for :app:createDebugCompatibleScreenManifests (Thread[#869,Execution worker Thread 9,5,main]) started.
:app:createDebugCompatibleScreenManifests (Thread[#869,Execution worker Thread 9,5,main]) started.

> Task :app:createDebugCompatibleScreenManifests UP-TO-DATE
Caching disabled for task ':app:createDebugCompatibleScreenManifests' because:
  Build cache is disabled
  Caching has been disabled for the task
Skipping task ':app:createDebugCompatibleScreenManifests' as it is up-to-date.
Resolve mutations for :app:extractDeepLinksDebug (Thread[#869,Execution worker Thread 9,5,main]) started.
:app:extractDeepLinksDebug (Thread[#869,Execution worker Thread 9,5,main]) started.

> Task :app:extractDeepLinksDebug UP-TO-DATE
Caching disabled for task ':app:extractDeepLinksDebug' because:
  Build cache is disabled
Skipping task ':app:extractDeepLinksDebug' as it is up-to-date.
Resolve mutations for :app:processDebugMainManifest (Thread[#869,Execution worker Thread 9,5,main]) started.
:app:processDebugMainManifest (Thread[#869,Execution worker Thread 9,5,main]) started.

> Task :app:processDebugMainManifest UP-TO-DATE
Caching disabled for task ':app:processDebugMainManifest' because:
  Build cache is disabled
Skipping task ':app:processDebugMainManifest' as it is up-to-date.
Resolve mutations for :app:processDebugManifest (Thread[#869,Execution worker Thread 9,5,main]) started.
:app:processDebugManifest (Thread[#869,Execution worker Thread 9,5,main]) started.

> Task :app:processDebugManifest UP-TO-DATE
Caching disabled for task ':app:processDebugManifest' because:
  Build cache is disabled
Skipping task ':app:processDebugManifest' as it is up-to-date.
Resolve mutations for :app:processDebugManifestForPackage (Thread[#869,Execution worker Thread 9,5,main]) started.
:app:processDebugManifestForPackage (Thread[#869,Execution worker Thread 9,5,main]) started.

> Task :app:processDebugManifestForPackage UP-TO-DATE
Custom actions are attached to task ':app:processDebugManifestForPackage'.
Caching disabled for task ':app:processDebugManifestForPackage' because:
  Build cache is disabled
Skipping task ':app:processDebugManifestForPackage' as it is up-to-date.
Resolve mutations for :app:processDebugResources (Thread[#869,Execution worker Thread 9,5,main]) started.
:app:processDebugResources (Thread[#869,Execution worker Thread 9,5,main]) started.

> Task :app:processDebugResources UP-TO-DATE
Caching disabled for task ':app:processDebugResources' because:
  Build cache is disabled
Skipping task ':app:processDebugResources' as it is up-to-date.
Resolve mutations for :app:compileDebugJavaWithJavac (Thread[#869,Execution worker Thread 9,5,main]) started.
:app:compileDebugJavaWithJavac (Thread[#869,Execution worker Thread 9,5,main]) started.

> Task :app:compileDebugJavaWithJavac UP-TO-DATE
Custom actions are attached to task ':app:compileDebugJavaWithJavac'.
Caching disabled for task ':app:compileDebugJavaWithJavac' because:
  Build cache is disabled
Skipping task ':app:compileDebugJavaWithJavac' as it is up-to-date.
Resolve mutations for :app:bundleDebugClassesToRuntimeJar (Thread[#869,Execution worker Thread 9,5,main]) started.
:app:bundleDebugClassesToRuntimeJar (Thread[#869,Execution worker Thread 9,5,main]) started.
Resolve mutations for :app:bundleDebugClassesToCompileJar (Thread[#862,Execution worker Thread 2,5,main]) started.
:app:bundleDebugClassesToCompileJar (Thread[#879,Execution worker Thread 19,5,main]) started.
Resolve mutations for :app:preDebugUnitTestBuild (Thread[#862,Execution worker Thread 2,5,main]) started.
:app:preDebugUnitTestBuild (Thread[#862,Execution worker Thread 2,5,main]) started.

> Task :app:preDebugUnitTestBuild UP-TO-DATE
Skipping task ':app:preDebugUnitTestBuild' as it has no actions.
Resolve mutations for :app:javaPreCompileDebugUnitTest (Thread[#862,Execution worker Thread 2,5,main]) started.
:app:javaPreCompileDebugUnitTest (Thread[#862,Execution worker Thread 2,5,main]) started.
Resolve mutations for :app:processDebugJavaRes (Thread[#865,Execution worker Thread 5,5,main]) started.
:app:processDebugJavaRes (Thread[#865,Execution worker Thread 5,5,main]) started.

> Task :app:processDebugJavaRes NO-SOURCE
file or directory 'C:\Users\28692\Desktop\miniapp\app\src\main\resources', not found
file or directory 'C:\Users\28692\Desktop\miniapp\app\src\debug\resources', not found
Skipping task ':app:processDebugJavaRes' as it has no source files and no previous output files.
work action resolve out (project :app) (Thread[#865,Execution worker Thread 5,5,main]) started.
Resolve mutations for :app:processDebugUnitTestJavaRes (Thread[#865,Execution worker Thread 5,5,main]) started.
:app:processDebugUnitTestJavaRes (Thread[#865,Execution worker Thread 5,5,main]) started.

> Task :app:javaPreCompileDebugUnitTest
Caching disabled for task ':app:javaPreCompileDebugUnitTest' because:
  Build cache is disabled
Task ':app:javaPreCompileDebugUnitTest' is not up-to-date because:
  No history is available.

> Task :app:processDebugUnitTestJavaRes NO-SOURCE
file or directory 'C:\Users\28692\Desktop\miniapp\app\src\test\resources', not found
file or directory 'C:\Users\28692\Desktop\miniapp\app\src\testDebug\resources', not found
Skipping task ':app:processDebugUnitTestJavaRes' as it has no source files and no previous output files.
Resolve mutations for :app:preReleaseBuild (Thread[#862,Execution worker Thread 2,5,main]) started.
:app:preReleaseBuild (Thread[#862,Execution worker Thread 2,5,main]) started.

> Task :app:preReleaseBuild UP-TO-DATE
Skipping task ':app:preReleaseBuild' as it has no actions.
Resolve mutations for :app:generateReleaseBuildConfig (Thread[#862,Execution worker Thread 2,5,main]) started.
:app:generateReleaseBuildConfig (Thread[#862,Execution worker Thread 2,5,main]) started.

> Task :app:generateReleaseBuildConfig
Caching disabled for task ':app:generateReleaseBuildConfig' because:
  Build cache is disabled
Task ':app:generateReleaseBuildConfig' is not up-to-date because:
  No history is available.
Resolve mutations for :app:javaPreCompileRelease (Thread[#862,Execution worker Thread 2,5,main]) started.
:app:javaPreCompileRelease (Thread[#862,Execution worker Thread 2,5,main]) started.
Resolve mutations for :app:checkReleaseAarMetadata (Thread[#863,Execution worker Thread 3,5,main]) started.
:app:checkReleaseAarMetadata (Thread[#863,Execution worker Thread 3,5,main]) started.

> Task :app:javaPreCompileRelease
Caching disabled for task ':app:javaPreCompileRelease' because:
  Build cache is disabled
Task ':app:javaPreCompileRelease' is not up-to-date because:
  No history is available.

> Task :app:bundleDebugClassesToRuntimeJar
Caching disabled for task ':app:bundleDebugClassesToRuntimeJar' because:
  Build cache is disabled
  Caching has been disabled for the task
Task ':app:bundleDebugClassesToRuntimeJar' is not up-to-date because:
  No history is available.

> Task :app:bundleDebugClassesToCompileJar
Caching disabled for task ':app:bundleDebugClassesToCompileJar' because:
  Build cache is disabled
  Caching has been disabled for the task
Task ':app:bundleDebugClassesToCompileJar' is not up-to-date because:
  No history is available.
work action resolve classes.jar (project :app) (Thread[#869,Execution worker Thread 9,5,main]) started.
work action resolve classes.jar (project :app) (Thread[#869,Execution worker Thread 9,5,main]) started.
Resolve mutations for :app:compileDebugUnitTestJavaWithJavac (Thread[#869,Execution worker Thread 9,5,main]) started.
:app:compileDebugUnitTestJavaWithJavac (Thread[#869,Execution worker Thread 9,5,main]) started.

> Task :app:checkReleaseAarMetadata
Caching disabled for task ':app:checkReleaseAarMetadata' because:
  Build cache is disabled
  Caching has been disabled for the task
Task ':app:checkReleaseAarMetadata' is not up-to-date because:
  No history is available.

> Task :app:compileDebugUnitTestJavaWithJavac
Caching disabled for JetifyTransform: C:\Users\28692\.gradle\caches\modules-2\files-2.1\com.google.guava\listenablefuture\9999.0-empty-to-avoid-conflict-with-guava\b421526c5f297295adef1c886e5246c39d4ac629\listenablefuture-9999.0-empty-to-avoid-conflict-with-guava.jar because:
  Build cache is disabled
Caching disabled for JetifyTransform: C:\Users\28692\.gradle\caches\modules-2\files-2.1\com.google.code.findbugs\jsr305\3.0.2\25ea2e8b0c338a877313bd4672d3fe056ea78f0d\jsr305-3.0.2.jar because:
  Build cache is disabled
Caching disabled for JetifyTransform: C:\Users\28692\.gradle\caches\modules-2\files-2.1\junit\junit\4.13.2\8ac9e16d933b6fb43bc7f576336b8f4d7eb5ba12\junit-4.13.2.jar because:
  Build cache is disabled
Caching disabled for JetifyTransform: C:\Users\28692\.gradle\caches\modules-2\files-2.1\org.hamcrest\hamcrest-core\1.3\42a25dc3219429f0e5d060061f71acb49bf010a0\hamcrest-core-1.3.jar because:
  Build cache is disabled
Caching disabled for JetifyTransform: C:\Users\28692\.gradle\caches\modules-2\files-2.1\org.checkerframework\checker-qual\3.12.0\d5692f0526415fcc6de94bb5bfbd3afd9dd3b3e5\checker-qual-3.12.0.jar because:
  Build cache is disabled
Caching disabled for AarToClassTransform: C:\Users\28692\.gradle\caches\9.0-milestone-1\transforms\113860773d285e8b92069070a0237e41\transformed\jetified-core-1.5.0.aar because:
  Build cache is disabled
  Caching not enabled.
Caching disabled for AarToClassTransform: C:\Users\28692\.gradle\caches\9.0-milestone-1\transforms\754460100b06f7424cd8830a65535e37\transformed\jetified-storage-1.4.2.aar because:
  Build cache is disabled
  Caching not enabled.
Caching disabled for JetifyTransform: C:\Users\28692\.gradle\caches\modules-2\files-2.1\com.google.j2objc\j2objc-annotations\1.3\ba035118bc8bac37d7eff77700720999acd9986d\j2objc-annotations-1.3.jar because:
  Build cache is disabled
Caching disabled for JetifyTransform: C:\Users\28692\.gradle\caches\modules-2\files-2.1\com.google.guava\guava\31.1-jre\60458f877d055d0c9114d9e1a2efb737b4bc282c\guava-31.1-jre.jar because:
  Build cache is disabled
Caching disabled for JetifyTransform: C:\Users\28692\.gradle\caches\modules-2\files-2.1\com.google.guava\failureaccess\1.0.1\1dcf1de382a0bf95a3d8b0849546c88bac1292c9\failureaccess-1.0.1.jar because:
  Build cache is disabled
Caching disabled for JetifyTransform: C:\Users\28692\.gradle\caches\modules-2\files-2.1\javax.inject\javax.inject\1\6975da39a7040257bd51d21a231b76c915872d38\javax.inject-1.jar because:
  Build cache is disabled
Caching disabled for IdentityTransform: C:\Users\28692\.gradle\caches\9.0-milestone-1\transforms\6412485567a0096bff5c58accd8d1036\transformed\jetified-javax.inject-1.jar because:
  Build cache is disabled
  Caching not enabled.
Caching disabled for JetifyTransform: C:\Users\28692\.gradle\caches\modules-2\files-2.1\javax.annotation\javax.annotation-api\1.3.2\934c04d3cfef185a8008e7bf34331b79730a9d43\javax.annotation-api-1.3.2.jar because:
  Build cache is disabled
Caching disabled for IdentityTransform: C:\Users\28692\.gradle\caches\9.0-milestone-1\transforms\b9f902230670bab5f2d10a6607242557\transformed\jetified-hamcrest-core-1.3.jar because:
  Build cache is disabled
  Caching not enabled.
Caching disabled for IdentityTransform: C:\Users\28692\.gradle\caches\9.0-milestone-1\transforms\bd39599ae175ebea5f60dfdc2434ebc9\transformed\jetified-checker-qual-3.12.0.jar because:
  Build cache is disabled
  Caching not enabled.
Caching disabled for IdentityTransform: C:\Users\28692\.gradle\caches\9.0-milestone-1\transforms\7fc15688632a3f5d4456816935a76b26\transformed\jetified-failureaccess-1.0.1.jar because:
  Build cache is disabled
  Caching not enabled.
Caching disabled for IdentityTransform: C:\Users\28692\.gradle\caches\9.0-milestone-1\transforms\59544e90c0e7ece22eef3d6b8dd8cb7d\transformed\jetified-jsr305-3.0.2.jar because:
  Build cache is disabled
  Caching not enabled.
Caching disabled for IdentityTransform: C:\Users\28692\.gradle\caches\9.0-milestone-1\transforms\a21fe527e35618f4fd4b3f7f926ee4ca\transformed\jetified-javax.annotation-api-1.3.2.jar because:
  Build cache is disabled
  Caching not enabled.
Caching disabled for IdentityTransform: C:\Users\28692\.gradle\caches\9.0-milestone-1\transforms\cd3886e89c88add26078b5336813b5a9\transformed\jetified-j2objc-annotations-1.3.jar because:
  Build cache is disabled
  Caching not enabled.
Caching disabled for IdentityTransform: C:\Users\28692\.gradle\caches\9.0-milestone-1\transforms\3a5894d5cb4afaca42101bd633f9bd10\transformed\jetified-listenablefuture-9999.0-empty-to-avoid-conflict-with-guava.jar because:
  Build cache is disabled
  Caching not enabled.
Caching disabled for AarToClassTransform: C:\Users\28692\.gradle\caches\modules-2\files-2.1\androidx.test\monitor\1.6.1\f4cb2a7fd0722c6e688e07522809a1a56de213b1\monitor-1.6.1.aar because:
  Build cache is disabled
  Caching not enabled.
Caching disabled for IdentityTransform: C:\Users\28692\.gradle\caches\9.0-milestone-1\transforms\aca6f1b7677a2fe81d179c8fd5303482\transformed\jetified-junit-4.13.2.jar because:
  Build cache is disabled
  Caching not enabled.
Caching disabled for AarToClassTransform: C:\Users\28692\.gradle\caches\9.0-milestone-1\transforms\a47d2c9da252ed18922c8de7fc8038f7\transformed\jetified-tracing-1.0.0.aar because:
  Build cache is disabled
  Caching not enabled.
Caching disabled for AarToClassTransform: C:\Users\28692\.gradle\caches\9.0-milestone-1\transforms\d75e08fd9c49bc4b083004e231cac565\transformed\jetified-annotation-1.0.1.aar because:
  Build cache is disabled
  Caching not enabled.
Caching disabled for IdentityTransform: C:\Users\28692\.gradle\caches\9.0-milestone-1\transforms\b45ee3c020d4e7dc81b1f98deaa6cfe2\transformed\jetified-guava-31.1-jre.jar because:
  Build cache is disabled
  Caching not enabled.
Downloading https://repo.maven.apache.org/maven2/com/ibm/icu/icu4j/73.2/icu4j-73.2.jar to C:\Users\28692\.gradle\.tmp\gradle_download18287831554540718846bin
Downloading https://repo.maven.apache.org/maven2/org/robolectric/shadows-versioning/4.11.1/shadows-versioning-4.11.1.jar to C:\Users\28692\.gradle\.tmp\gradle_download16289713100444017436bin
Downloading https://repo.maven.apache.org/maven2/org/robolectric/shadows-framework/4.11.1/shadows-framework-4.11.1.jar to C:\Users\28692\.gradle\.tmp\gradle_download8935542962340337313bin
Caching disabled for JetifyTransform: C:\Users\28692\.gradle\caches\modules-2\files-2.1\org.robolectric\shadows-versioning\4.11.1\21533a913d3e6c5f2733d9927ff2f21e0418825e\shadows-versioning-4.11.1.jar because:
  Build cache is disabled
Caching disabled for IdentityTransform: C:\Users\28692\.gradle\caches\9.0-milestone-1\transforms\c54897ab4de45e32602831eb4279e4f1\transformed\jetified-shadows-versioning-4.11.1.jar because:
  Build cache is disabled
  Caching not enabled.
Downloading https://repo.maven.apache.org/maven2/org/robolectric/resources/4.11.1/resources-4.11.1.jar to C:\Users\28692\.gradle\.tmp\gradle_download16734753441579463009bin
Downloading https://repo.maven.apache.org/maven2/org/robolectric/nativeruntime/4.11.1/nativeruntime-4.11.1.jar to C:\Users\28692\.gradle\.tmp\gradle_download16531878280214134625bin
Downloading https://repo.maven.apache.org/maven2/com/almworks/sqlite4java/sqlite4java/1.0.392/sqlite4java-1.0.392.jar to C:\Users\28692\.gradle\.tmp\gradle_download857932632124756845bin
Downloading https://repo.maven.apache.org/maven2/org/robolectric/plugins-maven-dependency-resolver/4.11.1/plugins-maven-dependency-resolver-4.11.1.jar to C:\Users\28692\.gradle\.tmp\gradle_download5405616409172470061bin
Downloading https://repo.maven.apache.org/maven2/org/ow2/asm/asm-util/9.6/asm-util-9.6.jar to C:\Users\28692\.gradle\.tmp\gradle_download3630499602772013310bin
Downloading https://repo.maven.apache.org/maven2/org/robolectric/annotations/4.11.1/annotations-4.11.1.jar to C:\Users\28692\.gradle\.tmp\gradle_download9444240421324066639bin
Downloading https://repo.maven.apache.org/maven2/org/robolectric/sandbox/4.11.1/sandbox-4.11.1.jar to C:\Users\28692\.gradle\.tmp\gradle_download2660174994442944120bin
Downloading https://repo.maven.apache.org/maven2/org/ow2/asm/asm-commons/9.6/asm-commons-9.6.jar to C:\Users\28692\.gradle\.tmp\gradle_download6406006556758277113bin
Downloading https://repo.maven.apache.org/maven2/org/ow2/asm/asm/9.6/asm-9.6.jar to C:\Users\28692\.gradle\.tmp\gradle_download14183760284642211805bin
Downloading https://repo.maven.apache.org/maven2/org/robolectric/shadowapi/4.11.1/shadowapi-4.11.1.jar to C:\Users\28692\.gradle\.tmp\gradle_download2520867060809448563bin
Downloading https://repo.maven.apache.org/maven2/org/robolectric/utils-reflector/4.11.1/utils-reflector-4.11.1.jar to C:\Users\28692\.gradle\.tmp\gradle_download13463489978594813590bin
Downloading https://repo.maven.apache.org/maven2/org/robolectric/robolectric/4.11.1/robolectric-4.11.1.jar to C:\Users\28692\.gradle\.tmp\gradle_download681454689167176231bin
Downloading https://repo.maven.apache.org/maven2/com/google/auto/value/auto-value-annotations/1.10.4/auto-value-annotations-1.10.4.jar to C:\Users\28692\.gradle\.tmp\gradle_download5273940818102620826bin
Downloading https://repo.maven.apache.org/maven2/org/ow2/asm/asm-tree/9.6/asm-tree-9.6.jar to C:\Users\28692\.gradle\.tmp\gradle_download16551606648065717829bin
Downloading https://repo.maven.apache.org/maven2/org/robolectric/junit/4.11.1/junit-4.11.1.jar to C:\Users\28692\.gradle\.tmp\gradle_download2342282254247017653bin
Downloading https://repo.maven.apache.org/maven2/org/robolectric/utils/4.11.1/utils-4.11.1.jar to C:\Users\28692\.gradle\.tmp\gradle_download5720707116260520300bin
Downloading https://repo.maven.apache.org/maven2/org/ow2/asm/asm-analysis/9.6/asm-analysis-9.6.jar to C:\Users\28692\.gradle\.tmp\gradle_download724739825401335005bin
Caching disabled for JetifyTransform: C:\Users\28692\.gradle\caches\modules-2\files-2.1\com.google.auto.value\auto-value-annotations\1.10.4\9679de8286eb0a151db6538ba297a8951c4a1224\auto-value-annotations-1.10.4.jar because:
  Build cache is disabled
Caching disabled for IdentityTransform: C:\Users\28692\.gradle\caches\9.0-milestone-1\transforms\1541263150daad141a8f289afc71796b\transformed\jetified-auto-value-annotations-1.10.4.jar because:
  Build cache is disabled
  Caching not enabled.
Caching disabled for JetifyTransform: C:\Users\28692\.gradle\caches\modules-2\files-2.1\org.robolectric\plugins-maven-dependency-resolver\4.11.1\9388078e3124abc1d20cc158739785f3d82645ef\plugins-maven-dependency-resolver-4.11.1.jar because:
  Build cache is disabled
Caching disabled for JetifyTransform: C:\Users\28692\.gradle\caches\modules-2\files-2.1\org.robolectric\junit\4.11.1\6ab22fcf261fb1b51e5d502647ca28cb979b436b\junit-4.11.1.jar because:
  Build cache is disabled
Caching disabled for JetifyTransform: C:\Users\28692\.gradle\caches\modules-2\files-2.1\org.robolectric\shadowapi\4.11.1\3f4439f7954863828ff8615b38bdafacafb1d12d\shadowapi-4.11.1.jar because:
  Build cache is disabled
Caching disabled for IdentityTransform: C:\Users\28692\.gradle\caches\9.0-milestone-1\transforms\86669449a9c43aabff92dfe96d55eab6\transformed\jetified-junit-4.11.1.jar because:
  Build cache is disabled
  Caching not enabled.
Caching disabled for IdentityTransform: C:\Users\28692\.gradle\caches\9.0-milestone-1\transforms\2906fa004466ce2a27439f84f6cf4bac\transformed\jetified-plugins-maven-dependency-resolver-4.11.1.jar because:
  Build cache is disabled
  Caching not enabled.
Caching disabled for IdentityTransform: C:\Users\28692\.gradle\caches\9.0-milestone-1\transforms\102014a081d0e4c429f0455dddf6b518\transformed\jetified-shadowapi-4.11.1.jar because:
  Build cache is disabled
  Caching not enabled.
Caching disabled for JetifyTransform: C:\Users\28692\.gradle\caches\modules-2\files-2.1\org.robolectric\annotations\4.11.1\3032e9d3aa00d10a79347543d0b3d37ea05a523b\annotations-4.11.1.jar because:
  Build cache is disabled
Caching disabled for IdentityTransform: C:\Users\28692\.gradle\caches\9.0-milestone-1\transforms\4309b2bcf22321f0bfa4bc3ce34fca3d\transformed\jetified-annotations-4.11.1.jar because:
  Build cache is disabled
  Caching not enabled.
Caching disabled for JetifyTransform: C:\Users\28692\.gradle\caches\modules-2\files-2.1\org.robolectric\utils-reflector\4.11.1\c7f7265928caac6c5112df615647c37fcfdcaa4f\utils-reflector-4.11.1.jar because:
  Build cache is disabled
Caching disabled for IdentityTransform: C:\Users\28692\.gradle\caches\9.0-milestone-1\transforms\bd57f706018de2f0058ecc5315246081\transformed\jetified-utils-reflector-4.11.1.jar because:
  Build cache is disabled
  Caching not enabled.
Caching disabled for JetifyTransform: C:\Users\28692\.gradle\caches\modules-2\files-2.1\org.ow2.asm\asm-analysis\9.6\9ce6c7b174bd997fc2552dff47964546bd7a5ec3\asm-analysis-9.6.jar because:
  Build cache is disabled
Caching disabled for IdentityTransform: C:\Users\28692\.gradle\caches\9.0-milestone-1\transforms\d1f091dee3f1d87699023b375be4de20\transformed\jetified-asm-analysis-9.6.jar because:
  Build cache is disabled
  Caching not enabled.
Caching disabled for JetifyTransform: C:\Users\28692\.gradle\caches\modules-2\files-2.1\org.ow2.asm\asm-tree\9.6\c0cdda9d211e965d2a4448aa3fd86110f2f8c2de\asm-tree-9.6.jar because:
  Build cache is disabled
Caching disabled for IdentityTransform: C:\Users\28692\.gradle\caches\9.0-milestone-1\transforms\c692bb8b2558c54ba49f78a30f0b4b36\transformed\jetified-asm-tree-9.6.jar because:
  Build cache is disabled
  Caching not enabled.
Caching disabled for JetifyTransform: C:\Users\28692\.gradle\caches\modules-2\files-2.1\org.robolectric\nativeruntime\4.11.1\93561a7cd718d1f9721c14f6b97d6743b2f4cb17\nativeruntime-4.11.1.jar because:
  Build cache is disabled
Caching disabled for IdentityTransform: C:\Users\28692\.gradle\caches\9.0-milestone-1\transforms\b059926f95dd190e5dbd5e9fe24d02f1\transformed\jetified-nativeruntime-4.11.1.jar because:
  Build cache is disabled
  Caching not enabled.
Caching disabled for JetifyTransform: C:\Users\28692\.gradle\caches\modules-2\files-2.1\org.robolectric\utils\4.11.1\12828864aac49e8ebcf2de03d3d33919ca8a1b01\utils-4.11.1.jar because:
  Build cache is disabled
Caching disabled for IdentityTransform: C:\Users\28692\.gradle\caches\9.0-milestone-1\transforms\11defb5b4b44be0a294cab7cbf4183b2\transformed\jetified-utils-4.11.1.jar because:
  Build cache is disabled
  Caching not enabled.
Downloading https://repo.maven.apache.org/maven2/org/robolectric/pluginapi/4.11.1/pluginapi-4.11.1.jar to C:\Users\28692\.gradle\.tmp\gradle_download14103956081138374026bin
Caching disabled for JetifyTransform: C:\Users\28692\.gradle\caches\modules-2\files-2.1\org.robolectric\pluginapi\4.11.1\ca139a5a00fe48b5422a8de4954086f12567a432\pluginapi-4.11.1.jar because:
  Build cache is disabled
Caching disabled for IdentityTransform: C:\Users\28692\.gradle\caches\9.0-milestone-1\transforms\ade78d55f27baf9829c3da37120d429a\transformed\jetified-pluginapi-4.11.1.jar because:
  Build cache is disabled
  Caching not enabled.
Downloading https://repo.maven.apache.org/maven2/org/bouncycastle/bcprov-jdk18on/1.76/bcprov-jdk18on-1.76.jar to C:\Users\28692\.gradle\.tmp\gradle_download14338626521273650691bin
Caching disabled for JetifyTransform: C:\Users\28692\.gradle\caches\modules-2\files-2.1\org.ow2.asm\asm\9.6\aa205cf0a06dbd8e04ece91c0b37c3f5d567546a\asm-9.6.jar because:
  Build cache is disabled
Caching disabled for IdentityTransform: C:\Users\28692\.gradle\caches\9.0-milestone-1\transforms\72ef9f7f084acce53d4c219ef9b41206\transformed\jetified-asm-9.6.jar because:
  Build cache is disabled
  Caching not enabled.
Caching disabled for JetifyTransform: C:\Users\28692\.gradle\caches\modules-2\files-2.1\org.robolectric\robolectric\4.11.1\75f0822d7e1f0a6dfa7b3e0b960a0a585c4fb185\robolectric-4.11.1.jar because:
  Build cache is disabled
Caching disabled for IdentityTransform: C:\Users\28692\.gradle\caches\9.0-milestone-1\transforms\351089b78437c971ebcce0cfea5398e5\transformed\jetified-robolectric-4.11.1.jar because:
  Build cache is disabled
  Caching not enabled.
Caching disabled for JetifyTransform: C:\Users\28692\.gradle\caches\modules-2\files-2.1\com.almworks.sqlite4java\sqlite4java\1.0.392\d6234e08ff4e1607ff5321da2579571f05ff778d\sqlite4java-1.0.392.jar because:
  Build cache is disabled
Caching disabled for JetifyTransform: C:\Users\28692\.gradle\caches\modules-2\files-2.1\org.ow2.asm\asm-commons\9.6\f1a9e5508eff490744144565c47326c8648be309\asm-commons-9.6.jar because:
  Build cache is disabled
Caching disabled for JetifyTransform: C:\Users\28692\.gradle\caches\modules-2\files-2.1\org.ow2.asm\asm-util\9.6\f77caf84eb93786a749b2baa40865b9613e3eaee\asm-util-9.6.jar because:
  Build cache is disabled
Caching disabled for JetifyTransform: C:\Users\28692\.gradle\caches\modules-2\files-2.1\org.robolectric\sandbox\4.11.1\7ab122c1a35c540a261786d1cb1013150759d4\sandbox-4.11.1.jar because:
  Build cache is disabled
Caching disabled for JetifyTransform: C:\Users\28692\.gradle\caches\modules-2\files-2.1\org.robolectric\resources\4.11.1\21e05203a923c9cfee41583dbe33bef361a8a210\resources-4.11.1.jar because:
  Build cache is disabled
Caching disabled for IdentityTransform: C:\Users\28692\.gradle\caches\9.0-milestone-1\transforms\9f822ad7264631b89dea416885c0ccab\transformed\jetified-sqlite4java-1.0.392.jar because:
  Build cache is disabled
  Caching not enabled.
Caching disabled for IdentityTransform: C:\Users\28692\.gradle\caches\9.0-milestone-1\transforms\eb89112390e82d9273ceffc967ea4fb9\transformed\jetified-asm-commons-9.6.jar because:
  Build cache is disabled
  Caching not enabled.
Caching disabled for IdentityTransform: C:\Users\28692\.gradle\caches\9.0-milestone-1\transforms\9371d93974999dde17881fd08b1c437d\transformed\jetified-asm-util-9.6.jar because:
  Build cache is disabled
  Caching not enabled.
Caching disabled for IdentityTransform: C:\Users\28692\.gradle\caches\9.0-milestone-1\transforms\7e85236dc7e75a7be2771986bc75b140\transformed\jetified-sandbox-4.11.1.jar because:
  Build cache is disabled
  Caching not enabled.
Caching disabled for IdentityTransform: C:\Users\28692\.gradle\caches\9.0-milestone-1\transforms\d4603a80307ccc2f05d7f5275a9160ba\transformed\jetified-resources-4.11.1.jar because:
  Build cache is disabled
  Caching not enabled.
Downloading https://repo.maven.apache.org/maven2/org/robolectric/shadows-framework/4.11.1/shadows-framework-4.11.1.jar to C:\Users\28692\.gradle\.tmp\gradle_download206811185478515553bin
Downloading https://repo.maven.apache.org/maven2/com/ibm/icu/icu4j/73.2/icu4j-73.2.jar to C:\Users\28692\.gradle\.tmp\gradle_download11199359153958703060bin
Caching disabled for JetifyTransform: C:\Users\28692\.gradle\caches\modules-2\files-2.1\org.robolectric\shadows-framework\4.11.1\e8ff683a932c20bb7b1d81a7b65c912734caee4\shadows-framework-4.11.1.jar because:
  Build cache is disabled
Caching disabled for IdentityTransform: C:\Users\28692\.gradle\caches\9.0-milestone-1\transforms\09ecd03749cad5342403b1444fb81814\transformed\jetified-shadows-framework-4.11.1.jar because:
  Build cache is disabled
  Caching not enabled.
Caching disabled for JetifyTransform: C:\Users\28692\.gradle\caches\modules-2\files-2.1\org.bouncycastle\bcprov-jdk18on\1.76\3a785d0b41806865ad7e311162bfa3fa60b3965b\bcprov-jdk18on-1.76.jar because:
  Build cache is disabled
Caching disabled for IdentityTransform: C:\Users\28692\.gradle\caches\9.0-milestone-1\transforms\0108cafad0d511a5f73e96c701ed2048\transformed\jetified-bcprov-jdk18on-1.76.jar because:
  Build cache is disabled
  Caching not enabled.
Caching disabled for JetifyTransform: C:\Users\28692\.gradle\caches\modules-2\files-2.1\com.ibm.icu\icu4j\73.2\61ad4ef7f9131fcf6d25c34b817f90d6da06c9e9\icu4j-73.2.jar because:
  Build cache is disabled
Caching disabled for IdentityTransform: C:\Users\28692\.gradle\caches\9.0-milestone-1\transforms\7a309b81e9910d843b80baa82eea3f6f\transformed\jetified-icu4j-73.2.jar because:
  Build cache is disabled
  Caching not enabled.
Custom actions are attached to task ':app:compileDebugUnitTestJavaWithJavac'.
Caching disabled for task ':app:compileDebugUnitTestJavaWithJavac' because:
  Build cache is disabled
Task ':app:compileDebugUnitTestJavaWithJavac' is not up-to-date because:
  No history is available.
The input changes require a full rebuild for incremental task ':app:compileDebugUnitTestJavaWithJavac'.
Compilation mode: in-process compilation
Full recompilation is required because no incremental change information is available. This is usually caused by clean builds or changing compiler arguments.
Compiling with toolchain 'C:\Program Files\Java\jdk-25'.
file or directory 'C:\Users\28692\Desktop\miniapp\app\src\testDebug\java', not found
Compiling with JDK Java compiler API.
娉? C:\Users\28692\Des
ktop\miniapp\app\src\
test\java\com\example
\pocketledger\Databas
eHelperTest.java浣跨敤鎴栬
鐩栦簡宸茶繃鏃剁殑 API銆?
娉? 鏈夊叧璇︾粏淇℃伅, 璇蜂娇鐢?-X
lint:deprecation 閲嶆柊缂
栬瘧銆?
Class dependency analysis for incremental compilation took 0.02 secs.
Created classpath snapshot for incremental compilation in 5.319 secs.
Resolve mutations for :app:testDebugUnitTest (Thread[#869,Execution worker Thread 9,5,main]) started.
:app:testDebugUnitTest (Thread[#869,Execution worker Thread 9,5,main]) started.

> Task :app:testDebugUnitTest
Caching disabled for AarToClassTransform: C:\Users\28692\.gradle\caches\9.0-milestone-1\transforms\113860773d285e8b92069070a0237e41\transformed\jetified-core-1.5.0.aar because:
  Build cache is disabled
  Caching not enabled.
Caching disabled for AarToClassTransform: C:\Users\28692\.gradle\caches\9.0-milestone-1\transforms\754460100b06f7424cd8830a65535e37\transformed\jetified-storage-1.4.2.aar because:
  Build cache is disabled
  Caching not enabled.
Caching disabled for AarToClassTransform: C:\Users\28692\.gradle\caches\modules-2\files-2.1\androidx.test\monitor\1.6.1\f4cb2a7fd0722c6e688e07522809a1a56de213b1\monitor-1.6.1.aar because:
  Build cache is disabled
  Caching not enabled.
Caching disabled for AarToClassTransform: C:\Users\28692\.gradle\caches\modules-2\files-2.1\androidx.test.espresso\espresso-idling-resource\3.5.1\7effe597dd1b1a9dcb964dae6d5257abc4aa5507\espresso-idling-resource-3.5.1.aar because:
  Build cache is disabled
  Caching not enabled.
Caching disabled for AarToClassTransform: C:\Users\28692\.gradle\caches\9.0-milestone-1\transforms\d75e08fd9c49bc4b083004e231cac565\transformed\jetified-annotation-1.0.1.aar because:
  Build cache is disabled
  Caching not enabled.
Downloading https://repo.maven.apache.org/maven2/com/google/errorprone/error_prone_annotation/2.19.1/error_prone_annotation-2.19.1.jar to C:\Users\28692\.gradle\.tmp\gradle_download18095652959120765234bin
Downloading https://repo.maven.apache.org/maven2/org/conscrypt/conscrypt-openjdk-uber/2.5.2/conscrypt-openjdk-uber-2.5.2.jar to C:\Users\28692\.gradle\.tmp\gradle_download4400937538598036330bin
Caching disabled for JetifyTransform: C:\Users\28692\.gradle\caches\modules-2\files-2.1\com.google.errorprone\error_prone_annotation\2.19.1\17821e9d8b169d7ebf12e6885599c4e6fb33a316\error_prone_annotation-2.19.1.jar because:
  Build cache is disabled
Caching disabled for IdentityTransform: C:\Users\28692\.gradle\caches\9.0-milestone-1\transforms\bbb72bf8a8de2bb4600ada5469cfaab3\transformed\jetified-error_prone_annotation-2.19.1.jar because:
  Build cache is disabled
  Caching not enabled.
Downloading https://repo.maven.apache.org/maven2/org/robolectric/nativeruntime-dist-compat/1.0.2/nativeruntime-dist-compat-1.0.2.jar to C:\Users\28692\.gradle\.tmp\gradle_download1040225412398209658bin
Caching disabled for JetifyTransform: C:\Users\28692\.gradle\caches\modules-2\files-2.1\org.conscrypt\conscrypt-openjdk-uber\2.5.2\d858f142ea189c62771c505a6548d8606ac098fe\conscrypt-openjdk-uber-2.5.2.jar because:
  Build cache is disabled
Caching disabled for IdentityTransform: C:\Users\28692\.gradle\caches\9.0-milestone-1\transforms\cbb2d4f328a74c5e66c798500da9026d\transformed\jetified-conscrypt-openjdk-uber-2.5.2.jar because:
  Build cache is disabled
  Caching not enabled.
Caching disabled for JetifyTransform: C:\Users\28692\.gradle\caches\modules-2\files-2.1\org.robolectric\nativeruntime-dist-compat\1.0.2\ae882755c9236301221e18c6d493981257289307\nativeruntime-dist-compat-1.0.2.jar because:
  Build cache is disabled
Caching disabled for IdentityTransform: C:\Users\28692\.gradle\caches\9.0-milestone-1\transforms\638c01693bfeeeb6a06f1f9e6ee11b1c\transformed\jetified-nativeruntime-dist-compat-1.0.2.jar because:
  Build cache is disabled
  Caching not enabled.
Caching disabled for AarTransform: C:\Users\28692\.gradle\caches\9.0-milestone-1\transforms\050b148e52777b1ff724a438cbe7cce7\transformed\espresso-idling-resource-3.5.1 because:
  Build cache is disabled
  Caching not enabled.
Caching disabled for AarTransform: C:\Users\28692\.gradle\caches\9.0-milestone-1\transforms\ad70a2197d5772b0c7baf9276fd1155f\transformed\jetified-storage-1.4.2 because:
  Build cache is disabled
  Caching not enabled.
Caching disabled for AarTransform: C:\Users\28692\.gradle\caches\9.0-milestone-1\transforms\6f3bd1b6bf7f5bd5e5099c14f9e0f57a\transformed\monitor-1.6.1 because:
  Build cache is disabled
  Caching not enabled.
Caching disabled for AarTransform: C:\Users\28692\.gradle\caches\9.0-milestone-1\transforms\c48b19a1672f1c218e72f8c5a91841bb\transformed\jetified-annotation-1.0.1 because:
  Build cache is disabled
  Caching not enabled.
Caching disabled for AarTransform: C:\Users\28692\.gradle\caches\9.0-milestone-1\transforms\c6c8896eff7c9c6da2611eaef28e3833\transformed\jetified-core-1.5.0 because:
  Build cache is disabled
  Caching not enabled.
Caching disabled for task ':app:testDebugUnitTest' because:
  Build cache is disabled
Task ':app:testDebugUnitTest' is not up-to-date because:
  No history is available.
Starting process 'Gradle Test Executor 1'. Working directory: C:\Users\28692\Desktop\miniapp\app Command: C:\Program Files\Java\jdk-25\bin\java.exe -Djava.awt.headless=true -Djava.library.path=C:\Program Files\Java\jdk-25\bin;C:\WINDOWS\Sun\Java\bin;C:\WINDOWS\system32;C:\WINDOWS;D:\flutter\bin\cache\dart-sdk\bin\;C:\Program Files\Java\jdk-25\bin;C:\Program Files\Common Files\Oracle\Java\javapath;C:\Windows\system32;C:\Windows;C:\Windows\System32\Wbem;C:\Windows\System32\WindowsPowerShell\v1.0\;C:\Windows\System32\OpenSSH\;C:\Program Files (x86)\NVIDIA Corporation\PhysX\Common;C:\Program Files\NVIDIA Corporation\NVIDIA NvDLISR;C:\WINDOWS\system32;C:\WINDOWS;C:\WINDOWS\System32\Wbem;C:\WINDOWS\System32\WindowsPowerShell\v1.0\;C:\WINDOWS\System32\OpenSSH\;C:\Program Files\dotnet\;c:\Users\28692\AppData\Local\Programs\cursor\resources\app\bin;c:\Users\28692\AppData\Local\Programs\cursor\resources\app\bin;C:\Program Files\Git\cmd;C:\Program Files\Docker\Docker\resources\bin;C:\Program Files\nodejs\;C:\Windows\dll;C:\Program Files\python;C:\Program Files\python\Scripts;D:\BtSoft\panel\script;D:\hugo;C:\Users\28692\AppData\Local\Programs\Python\Python310\Scripts\;C:\Users\28692\AppData\Local\Programs\Python\Python310\;C:\Program Files\Python313\Scripts\;C:\Program Files\Python313\;C:\Windows\system32;C:\Windows;C:\Windows\System32\Wbem;C:\Windows\System32\WindowsPowerShell\v1.0\;C:\Windows\System32\OpenSSH\;C:\Program Files (x86)\NVIDIA Corporation\PhysX\Common;C:\Program Files\NVIDIA Corporation\NVIDIA NvDLISR;C:\WINDOWS\system32;C:\WINDOWS;C:\WINDOWS\System32\Wbem;C:\WINDOWS\System32\WindowsPowerShell\v1.0\;C:\WINDOWS\System32\OpenSSH\;D:\flutter\bin;C:\Program Files\dotnet\;c:\Users\28692\AppData\Local\Programs\cursor\resources\app\bin;c:\Users\28692\AppData\Local\Programs\cursor\resources\app\bin;C:\Program Files\Git\cmd;C:\Program Files\Docker\Docker\resources\bin;C:\Program Files\nodejs\;C:\Windows\dll;C:\Program Files\python;C:\Program Files\python\Scripts;D:\BtSoft\panel\script;D:\hugo;d:\Trae\bin;d:\Trae-CN\Trae CN\bin;D:\hugo\hugo_extended_0.150.0_windows-amd64;C:\Users\28692\AppData\Local\Microsoft\WindowsApps;C:\Program Files\JetBrains\PyCharm 2024.3.1.1\bin;D:\VScode\Microsoft VS Code\bin;D:\gcc\mingw64\bin;C:\Users\28692\AppData\Local\Pr;C:\Users\28692\AppData\Local\Programs\cursor\resources\app\bin;D:\DevCache\npm-global;D:\DevCache\pnpm-global;D:\Antigravity\bin;;.;C:\Users\28692\Desktop\miniapp\app\src\testDebug\jniLibs;C:\Users\28692\Desktop\miniapp\app\src\test\jniLibs -Dorg.gradle.internal.worker.tmpdir=C:\Users\28692\Desktop\miniapp\app\build\tmp\testDebugUnitTest\work --add-opens=java.base/java.io=ALL-UNNAMED @C:\Users\28692\.gradle\.tmp\gradle-worker-classpath16646703956186624757txt -Xmx512m -Dfile.encoding=UTF-8 -Duser.country=CN -Duser.language=zh -Duser.variant -ea worker.org.gradle.process.internal.worker.GradleWorkerMain 'Gradle Test Executor 1'
Successfully started process 'Gradle Test Executor 1'

Gradle Test Executor 1 started executing tests.
WARNING: A terminally
 deprecated method in
 sun.misc.Unsafe has 
been called
WARNING: sun.misc.Uns
afe::staticFieldBase 
has been called by or
g.robolectric.interna
l.bytecode.ProxyMaker
 (file:/C:/Users/2869
2/.gradle/caches/9.0-
milestone-1/transform
s/7e85236dc7e75a7be27
71986bc75b140/transfo
rmed/jetified-sandbox
-4.11.1.jar)
WARNING: Please consi
der reporting this to
 the maintainers of c
lass org.robolectric.
internal.bytecode.Pro
xyMaker
WARNING: sun.misc.Uns
afe::staticFieldBase 
will be removed in a 
future release
WARNING: A restricted
 method in java.lang.
System has been calle
d
WARNING: java.lang.Sy
stem::load has been c
alled by org.conscryp
t.NativeLibraryUtil i
n an unnamed module (
file:/C:/Users/28692/
.gradle/caches/9.0-mi
lestone-1/transforms/
cbb2d4f328a74c5e66c79
8500da9026d/transform
ed/jetified-conscrypt
-openjdk-uber-2.5.2.j
ar)
WARNING: Use --enable
-native-access=ALL-UN
NAMED to avoid a warn
ing for callers in th
is module
WARNING: Restricted m
ethods will be blocke
d in a future release
 unless native access
 is enabled


> Task :app:testDebugUnitTest

DatabaseHelperTest > testAddTransaction_Income_Success FAILED
    java.lang.NoClassDefFoundError: android/webkit/RoboCookieManager
        at org.robolectric.Shadows.reset(Shadows.java:2748)
        at org.robolectric.android.internal.AndroidTestEnvironment.resetState(AndroidTestEnvironment.java:667)
        at org.robolectric.RobolectricTestRunner.lambda$finallyAfterTest$0(RobolectricTestRunner.java:370)
        at org.robolectric.util.PerfStatsCollector.measure(PerfStatsCollector.java:86)
        at org.robolectric.RobolectricTestRunner.finallyAfterTest(RobolectricTestRunner.java:368)
        at org.robolectric.internal.SandboxTestRunner$2.lambda$evaluate$2(SandboxTestRunner.java:298)
        at org.robolectric.internal.bytecode.Sandbox.lambda$runOnMainThread$0(Sandbox.java:101)
        at java.base/java.util.concurrent.FutureTask.run(FutureTask.java:328)
        at java.base/java.util.concurrent.ThreadPoolExecutor.runWorker(ThreadPoolExecutor.java:1090)
        at java.base/java.util.concurrent.ThreadPoolExecutor$Worker.run(ThreadPoolExecutor.java:614)
        at java.base/java.lang.Thread.run(Thread.java:1474)

        Caused by:
        java.lang.ClassNotFoundException: couldn't load android.webkit.RoboCookieManager
            at org.robolectric.internal.bytecode.SandboxClassLoader.maybeInstrumentClass(SandboxClassLoader.java:164)
            at org.robolectric.internal.bytecode.SandboxClassLoader.lambda$loadClass$0(SandboxClassLoader.java:136)
            at org.robolectric.util.PerfStatsCollector.measure(PerfStatsCollector.java:53)
            at org.robolectric.internal.bytecode.SandboxClassLoader.loadClass(SandboxClassLoader.java:136)
            at java.base/java.lang.ClassLoader.loadClass(ClassLoader.java:490)
            ... 11 more

            Caused by:
            java.lang.IllegalArgumentException: Unsupported class file major version 69
                at org.objectweb.asm.ClassReader.<init>(ClassReader.java:200)
                at org.objectweb.asm.ClassReader.<init>(ClassReader.java:180)
                at org.objectweb.asm.ClassReader.<init>(ClassReader.java:166)
                at org.robolectric.internal.bytecode.ClassNodeProvider.createClassNode(ClassNodeProvider.java:24)
                at org.robolectric.internal.bytecode.ClassNodeProvider.getClassNode(ClassNodeProvider.java:16)
                at org.robolectric.internal.bytecode.InstrumentingClassWriter.typeInfo(InstrumentingClassWriter.java:115)
                at org.robolectric.internal.bytecode.InstrumentingClassWriter.getCommonSuperClass(InstrumentingClassWriter.java:36)
                at org.objectweb.asm.SymbolTable.addMergedType(SymbolTable.java:1264)
                at org.objectweb.asm.Frame.merge(Frame.java:1311)
                at org.objectweb.asm.Frame.merge(Frame.java:1218)
                at org.objectweb.asm.MethodWriter.computeAllFrames(MethodWriter.java:1612)
                at org.objectweb.asm.MethodWriter.visitMaxs(MethodWriter.java:1548)
                at org.objectweb.asm.MethodVisitor.visitMaxs(MethodVisitor.java:786)
                at org.objectweb.asm.tree.MethodNode.accept(MethodNode.java:767)
                at org.objectweb.asm.tree.MethodNode.accept(MethodNode.java:647)
                at org.objectweb.asm.tree.ClassNode.accept(ClassNode.java:468)
                at org.robolectric.internal.bytecode.ClassInstrumentor.instrumentToBytes(ClassInstrumentor.java:125)
                at org.robolectric.internal.bytecode.ClassInstrumentor.lambda$instrument$1(ClassInstrumentor.java:140)
                at org.robolectric.util.PerfStatsCollector.measure(PerfStatsCollector.java:53)
                at org.robolectric.internal.bytecode.ClassInstrumentor.instrument(ClassInstrumentor.java:140)
                at org.robolectric.internal.bytecode.SandboxClassLoader.maybeInstrumentClass(SandboxClassLoader.java:156)
                ... 15 more

DatabaseHelperTest > testGetCategoryStats FAILED
    java.lang.NoClassDefFoundError: android/webkit/RoboCookieManager
        at org.robolectric.Shadows.reset(Shadows.java:2748)
        at org.robolectric.android.internal.AndroidTestEnvironment.resetState(AndroidTestEnvironment.java:667)
        at org.robolectric.RobolectricTestRunner.lambda$finallyAfterTest$0(RobolectricTestRunner.java:370)
        at org.robolectric.util.PerfStatsCollector.measure(PerfStatsCollector.java:86)
        at org.robolectric.RobolectricTestRunner.finallyAfterTest(RobolectricTestRunner.java:368)
        at org.robolectric.internal.SandboxTestRunner$2.lambda$evaluate$2(SandboxTestRunner.java:298)
        at org.robolectric.internal.bytecode.Sandbox.lambda$runOnMainThread$0(Sandbox.java:101)
        at java.base/java.util.concurrent.FutureTask.run(FutureTask.java:328)
        at java.base/java.util.concurrent.ThreadPoolExecutor.runWorker(ThreadPoolExecutor.java:1090)
        at java.base/java.util.concurrent.ThreadPoolExecutor$Worker.run(ThreadPoolExecutor.java:614)
        at java.base/java.lang.Thread.run(Thread.java:1474)

        Caused by:
        java.lang.ClassNotFoundException: couldn't load android.webkit.RoboCookieManager
            at org.robolectric.internal.bytecode.SandboxClassLoader.maybeInstrumentClass(SandboxClassLoader.java:164)
            at org.robolectric.internal.bytecode.SandboxClassLoader.lambda$loadClass$0(SandboxClassLoader.java:136)
            at org.robolectric.util.PerfStatsCollector.measure(PerfStatsCollector.java:53)
            at org.robolectric.internal.bytecode.SandboxClassLoader.loadClass(SandboxClassLoader.java:136)
            at java.base/java.lang.ClassLoader.loadClass(ClassLoader.java:490)
            ... 11 more

            Caused by:
            java.lang.IllegalArgumentException: Unsupported class file major version 69
                at org.objectweb.asm.ClassReader.<init>(ClassReader.java:200)
                at org.objectweb.asm.ClassReader.<init>(ClassReader.java:180)
                at org.objectweb.asm.ClassReader.<init>(ClassReader.java:166)
                at org.robolectric.internal.bytecode.ClassNodeProvider.createClassNode(ClassNodeProvider.java:24)
                at org.robolectric.internal.bytecode.ClassNodeProvider.getClassNode(ClassNodeProvider.java:16)
                at org.robolectric.internal.bytecode.InstrumentingClassWriter.typeInfo(InstrumentingClassWriter.java:115)
                at org.robolectric.internal.bytecode.InstrumentingClassWriter.getCommonSuperClass(InstrumentingClassWriter.java:36)
                at org.objectweb.asm.SymbolTable.addMergedType(SymbolTable.java:1264)
                at org.objectweb.asm.Frame.merge(Frame.java:1311)
                at org.objectweb.asm.Frame.merge(Frame.java:1218)
                at org.objectweb.asm.MethodWriter.computeAllFrames(MethodWriter.java:1612)
                at org.objectweb.asm.MethodWriter.visitMaxs(MethodWriter.java:1548)
                at org.objectweb.asm.MethodVisitor.visitMaxs(MethodVisitor.java:786)
                at org.objectweb.asm.tree.MethodNode.accept(MethodNode.java:767)
                at org.objectweb.asm.tree.MethodNode.accept(MethodNode.java:647)
                at org.objectweb.asm.tree.ClassNode.accept(ClassNode.java:468)
                at org.robolectric.internal.bytecode.ClassInstrumentor.instrumentToBytes(ClassInstrumentor.java:125)
                at org.robolectric.internal.bytecode.ClassInstrumentor.lambda$instrument$1(ClassInstrumentor.java:140)
                at org.robolectric.util.PerfStatsCollector.measure(PerfStatsCollector.java:53)
                at org.robolectric.internal.bytecode.ClassInstrumentor.instrument(ClassInstrumentor.java:140)
                at org.robolectric.internal.bytecode.SandboxClassLoader.maybeInstrumentClass(SandboxClassLoader.java:156)
                ... 15 more

DatabaseHelperTest > testGetAllTransactions_Empty FAILED
    java.lang.NoClassDefFoundError: android/webkit/RoboCookieManager
        at org.robolectric.Shadows.reset(Shadows.java:2748)
        at org.robolectric.android.internal.AndroidTestEnvironment.resetState(AndroidTestEnvironment.java:667)
        at org.robolectric.RobolectricTestRunner.lambda$finallyAfterTest$0(RobolectricTestRunner.java:370)
        at org.robolectric.util.PerfStatsCollector.measure(PerfStatsCollector.java:86)
        at org.robolectric.RobolectricTestRunner.finallyAfterTest(RobolectricTestRunner.java:368)
        at org.robolectric.internal.SandboxTestRunner$2.lambda$evaluate$2(SandboxTestRunner.java:298)
        at org.robolectric.internal.bytecode.Sandbox.lambda$runOnMainThread$0(Sandbox.java:101)
        at java.base/java.util.concurrent.FutureTask.run(FutureTask.java:328)
        at java.base/java.util.concurrent.ThreadPoolExecutor.runWorker(ThreadPoolExecutor.java:1090)
        at java.base/java.util.concurrent.ThreadPoolExecutor$Worker.run(ThreadPoolExecutor.java:614)
        at java.base/java.lang.Thread.run(Thread.java:1474)

        Caused by:
        java.lang.ClassNotFoundException: couldn't load android.webkit.RoboCookieManager
            at org.robolectric.internal.bytecode.SandboxClassLoader.maybeInstrumentClass(SandboxClassLoader.java:164)
            at org.robolectric.internal.bytecode.SandboxClassLoader.lambda$loadClass$0(SandboxClassLoader.java:136)
            at org.robolectric.util.PerfStatsCollector.measure(PerfStatsCollector.java:53)
            at org.robolectric.internal.bytecode.SandboxClassLoader.loadClass(SandboxClassLoader.java:136)
            at java.base/java.lang.ClassLoader.loadClass(ClassLoader.java:490)
            ... 11 more

            Caused by:
            java.lang.IllegalArgumentException: Unsupported class file major version 69
                at org.objectweb.asm.ClassReader.<init>(ClassReader.java:200)
                at org.objectweb.asm.ClassReader.<init>(ClassReader.java:180)
                at org.objectweb.asm.ClassReader.<init>(ClassReader.java:166)
                at org.robolectric.internal.bytecode.ClassNodeProvider.createClassNode(ClassNodeProvider.java:24)
                at org.robolectric.internal.bytecode.ClassNodeProvider.getClassNode(ClassNodeProvider.java:16)
                at org.robolectric.internal.bytecode.InstrumentingClassWriter.typeInfo(InstrumentingClassWriter.java:115)
                at org.robolectric.internal.bytecode.InstrumentingClassWriter.getCommonSuperClass(InstrumentingClassWriter.java:36)
                at org.objectweb.asm.SymbolTable.addMergedType(SymbolTable.java:1264)
                at org.objectweb.asm.Frame.merge(Frame.java:1311)
                at org.objectweb.asm.Frame.merge(Frame.java:1218)
                at org.objectweb.asm.MethodWriter.computeAllFrames(MethodWriter.java:1612)
                at org.objectweb.asm.MethodWriter.visitMaxs(MethodWriter.java:1548)
                at org.objectweb.asm.MethodVisitor.visitMaxs(MethodVisitor.java:786)
                at org.objectweb.asm.tree.MethodNode.accept(MethodNode.java:767)
                at org.objectweb.asm.tree.MethodNode.accept(MethodNode.java:647)
                at org.objectweb.asm.tree.ClassNode.accept(ClassNode.java:468)
                at org.robolectric.internal.bytecode.ClassInstrumentor.instrumentToBytes(ClassInstrumentor.java:125)
                at org.robolectric.internal.bytecode.ClassInstrumentor.lambda$instrument$1(ClassInstrumentor.java:140)
                at org.robolectric.util.PerfStatsCollector.measure(PerfStatsCollector.java:53)
                at org.robolectric.internal.bytecode.ClassInstrumentor.instrument(ClassInstrumentor.java:140)
                at org.robolectric.internal.bytecode.SandboxClassLoader.maybeInstrumentClass(SandboxClassLoader.java:156)
                ... 15 more

DatabaseHelperTest > testGetMonthlyIncome FAILED
    java.lang.NoClassDefFoundError: android/webkit/RoboCookieManager
        at org.robolectric.Shadows.reset(Shadows.java:2748)
        at org.robolectric.android.internal.AndroidTestEnvironment.resetState(AndroidTestEnvironment.java:667)
        at org.robolectric.RobolectricTestRunner.lambda$finallyAfterTest$0(RobolectricTestRunner.java:370)
        at org.robolectric.util.PerfStatsCollector.measure(PerfStatsCollector.java:86)
        at org.robolectric.RobolectricTestRunner.finallyAfterTest(RobolectricTestRunner.java:368)
        at org.robolectric.internal.SandboxTestRunner$2.lambda$evaluate$2(SandboxTestRunner.java:298)
        at org.robolectric.internal.bytecode.Sandbox.lambda$runOnMainThread$0(Sandbox.java:101)
        at java.base/java.util.concurrent.FutureTask.run(FutureTask.java:328)
        at java.base/java.util.concurrent.ThreadPoolExecutor.runWorker(ThreadPoolExecutor.java:1090)
        at java.base/java.util.concurrent.ThreadPoolExecutor$Worker.run(ThreadPoolExecutor.java:614)
        at java.base/java.lang.Thread.run(Thread.java:1474)

        Caused by:
        java.lang.ClassNotFoundException: couldn't load android.webkit.RoboCookieManager
            at org.robolectric.internal.bytecode.SandboxClassLoader.maybeInstrumentClass(SandboxClassLoader.java:164)
            at org.robolectric.internal.bytecode.SandboxClassLoader.lambda$loadClass$0(SandboxClassLoader.java:136)
            at org.robolectric.util.PerfStatsCollector.measure(PerfStatsCollector.java:53)
            at org.robolectric.internal.bytecode.SandboxClassLoader.loadClass(SandboxClassLoader.java:136)
            at java.base/java.lang.ClassLoader.loadClass(ClassLoader.java:490)
            ... 11 more

            Caused by:
            java.lang.IllegalArgumentException: Unsupported class file major version 69
                at org.objectweb.asm.ClassReader.<init>(ClassReader.java:200)
                at org.objectweb.asm.ClassReader.<init>(ClassReader.java:180)
                at org.objectweb.asm.ClassReader.<init>(ClassReader.java:166)
                at org.robolectric.internal.bytecode.ClassNodeProvider.createClassNode(ClassNodeProvider.java:24)
                at org.robolectric.internal.bytecode.ClassNodeProvider.getClassNode(ClassNodeProvider.java:16)
                at org.robolectric.internal.bytecode.InstrumentingClassWriter.typeInfo(InstrumentingClassWriter.java:115)
                at org.robolectric.internal.bytecode.InstrumentingClassWriter.getCommonSuperClass(InstrumentingClassWriter.java:36)
                at org.objectweb.asm.SymbolTable.addMergedType(SymbolTable.java:1264)
                at org.objectweb.asm.Frame.merge(Frame.java:1311)
                at org.objectweb.asm.Frame.merge(Frame.java:1218)
                at org.objectweb.asm.MethodWriter.computeAllFrames(MethodWriter.java:1612)
                at org.objectweb.asm.MethodWriter.visitMaxs(MethodWriter.java:1548)
                at org.objectweb.asm.MethodVisitor.visitMaxs(MethodVisitor.java:786)
                at org.objectweb.asm.tree.MethodNode.accept(MethodNode.java:767)
                at org.objectweb.asm.tree.MethodNode.accept(MethodNode.java:647)
                at org.objectweb.asm.tree.ClassNode.accept(ClassNode.java:468)
                at org.robolectric.internal.bytecode.ClassInstrumentor.instrumentToBytes(ClassInstrumentor.java:125)
                at org.robolectric.internal.bytecode.ClassInstrumentor.lambda$instrument$1(ClassInstrumentor.java:140)
                at org.robolectric.util.PerfStatsCollector.measure(PerfStatsCollector.java:53)
                at org.robolectric.internal.bytecode.ClassInstrumentor.instrument(ClassInstrumentor.java:140)
                at org.robolectric.internal.bytecode.SandboxClassLoader.maybeInstrumentClass(SandboxClassLoader.java:156)
                ... 15 more

DatabaseHelperTest > testAddTransaction_Expense_Success FAILED
    java.lang.NoClassDefFoundError: android/webkit/RoboCookieManager
        at org.robolectric.Shadows.reset(Shadows.java:2748)
        at org.robolectric.android.internal.AndroidTestEnvironment.resetState(AndroidTestEnvironment.java:667)
        at org.robolectric.RobolectricTestRunner.lambda$finallyAfterTest$0(RobolectricTestRunner.java:370)
        at org.robolectric.util.PerfStatsCollector.measure(PerfStatsCollector.java:86)
        at org.robolectric.RobolectricTestRunner.finallyAfterTest(RobolectricTestRunner.java:368)
        at org.robolectric.internal.SandboxTestRunner$2.lambda$evaluate$2(SandboxTestRunner.java:298)
        at org.robolectric.internal.bytecode.Sandbox.lambda$runOnMainThread$0(Sandbox.java:101)
        at java.base/java.util.concurrent.FutureTask.run(FutureTask.java:328)
        at java.base/java.util.concurrent.ThreadPoolExecutor.runWorker(ThreadPoolExecutor.java:1090)
        at java.base/java.util.concurrent.ThreadPoolExecutor$Worker.run(ThreadPoolExecutor.java:614)
        at java.base/java.lang.Thread.run(Thread.java:1474)

        Caused by:
        java.lang.ClassNotFoundException: couldn't load android.webkit.RoboCookieManager
            at org.robolectric.internal.bytecode.SandboxClassLoader.maybeInstrumentClass(SandboxClassLoader.java:164)
            at org.robolectric.internal.bytecode.SandboxClassLoader.lambda$loadClass$0(SandboxClassLoader.java:136)
            at org.robolectric.util.PerfStatsCollector.measure(PerfStatsCollector.java:53)
            at org.robolectric.internal.bytecode.SandboxClassLoader.loadClass(SandboxClassLoader.java:136)
            at java.base/java.lang.ClassLoader.loadClass(ClassLoader.java:490)
            ... 11 more

            Caused by:
            java.lang.IllegalArgumentException: Unsupported class file major version 69
                at org.objectweb.asm.ClassReader.<init>(ClassReader.java:200)
                at org.objectweb.asm.ClassReader.<init>(ClassReader.java:180)
                at org.objectweb.asm.ClassReader.<init>(ClassReader.java:166)
                at org.robolectric.internal.bytecode.ClassNodeProvider.createClassNode(ClassNodeProvider.java:24)
                at org.robolectric.internal.bytecode.ClassNodeProvider.getClassNode(ClassNodeProvider.java:16)
                at org.robolectric.internal.bytecode.InstrumentingClassWriter.typeInfo(InstrumentingClassWriter.java:115)
                at org.robolectric.internal.bytecode.InstrumentingClassWriter.getCommonSuperClass(InstrumentingClassWriter.java:36)
                at org.objectweb.asm.SymbolTable.addMergedType(SymbolTable.java:1264)
                at org.objectweb.asm.Frame.merge(Frame.java:1311)
                at org.objectweb.asm.Frame.merge(Frame.java:1218)
                at org.objectweb.asm.MethodWriter.computeAllFrames(MethodWriter.java:1612)
                at org.objectweb.asm.MethodWriter.visitMaxs(MethodWriter.java:1548)
                at org.objectweb.asm.MethodVisitor.visitMaxs(MethodVisitor.java:786)
                at org.objectweb.asm.tree.MethodNode.accept(MethodNode.java:767)
                at org.objectweb.asm.tree.MethodNode.accept(MethodNode.java:647)
                at org.objectweb.asm.tree.ClassNode.accept(ClassNode.java:468)
                at org.robolectric.internal.bytecode.ClassInstrumentor.instrumentToBytes(ClassInstrumentor.java:125)
                at org.robolectric.internal.bytecode.ClassInstrumentor.lambda$instrument$1(ClassInstrumentor.java:140)
                at org.robolectric.util.PerfStatsCollector.measure(PerfStatsCollector.java:53)
                at org.robolectric.internal.bytecode.ClassInstrumentor.instrument(ClassInstrumentor.java:140)
                at org.robolectric.internal.bytecode.SandboxClassLoader.maybeInstrumentClass(SandboxClassLoader.java:156)
                ... 15 more

DatabaseHelperTest > testDeleteTransaction_Success FAILED
    java.lang.NoClassDefFoundError: android/webkit/RoboCookieManager
        at org.robolectric.Shadows.reset(Shadows.java:2748)
        at org.robolectric.android.internal.AndroidTestEnvironment.resetState(AndroidTestEnvironment.java:667)
        at org.robolectric.RobolectricTestRunner.lambda$finallyAfterTest$0(RobolectricTestRunner.java:370)
        at org.robolectric.util.PerfStatsCollector.measure(PerfStatsCollector.java:86)
        at org.robolectric.RobolectricTestRunner.finallyAfterTest(RobolectricTestRunner.java:368)
        at org.robolectric.internal.SandboxTestRunner$2.lambda$evaluate$2(SandboxTestRunner.java:298)
        at org.robolectric.internal.bytecode.Sandbox.lambda$runOnMainThread$0(Sandbox.java:101)
        at java.base/java.util.concurrent.FutureTask.run(FutureTask.java:328)
        at java.base/java.util.concurrent.ThreadPoolExecutor.runWorker(ThreadPoolExecutor.java:1090)
        at java.base/java.util.concurrent.ThreadPoolExecutor$Worker.run(ThreadPoolExecutor.java:614)
        at java.base/java.lang.Thread.run(Thread.java:1474)

        Caused by:
        java.lang.ClassNotFoundException: couldn't load android.webkit.RoboCookieManager
            at org.robolectric.internal.bytecode.SandboxClassLoader.maybeInstrumentClass(SandboxClassLoader.java:164)
            at org.robolectric.internal.bytecode.SandboxClassLoader.lambda$loadClass$0(SandboxClassLoader.java:136)
            at org.robolectric.util.PerfStatsCollector.measure(PerfStatsCollector.java:53)
            at org.robolectric.internal.bytecode.SandboxClassLoader.loadClass(SandboxClassLoader.java:136)
            at java.base/java.lang.ClassLoader.loadClass(ClassLoader.java:490)
            ... 11 more

            Caused by:
            java.lang.IllegalArgumentException: Unsupported class file major version 69
                at org.objectweb.asm.ClassReader.<init>(ClassReader.java:200)
                at org.objectweb.asm.ClassReader.<init>(ClassReader.java:180)
                at org.objectweb.asm.ClassReader.<init>(ClassReader.java:166)
                at org.robolectric.internal.bytecode.ClassNodeProvider.createClassNode(ClassNodeProvider.java:24)
                at org.robolectric.internal.bytecode.ClassNodeProvider.getClassNode(ClassNodeProvider.java:16)
                at org.robolectric.internal.bytecode.InstrumentingClassWriter.typeInfo(InstrumentingClassWriter.java:115)
                at org.robolectric.internal.bytecode.InstrumentingClassWriter.getCommonSuperClass(InstrumentingClassWriter.java:36)
                at org.objectweb.asm.SymbolTable.addMergedType(SymbolTable.java:1264)
                at org.objectweb.asm.Frame.merge(Frame.java:1311)
                at org.objectweb.asm.Frame.merge(Frame.java:1218)
                at org.objectweb.asm.MethodWriter.computeAllFrames(MethodWriter.java:1612)
                at org.objectweb.asm.MethodWriter.visitMaxs(MethodWriter.java:1548)
                at org.objectweb.asm.MethodVisitor.visitMaxs(MethodVisitor.java:786)
                at org.objectweb.asm.tree.MethodNode.accept(MethodNode.java:767)
                at org.objectweb.asm.tree.MethodNode.accept(MethodNode.java:647)
                at org.objectweb.asm.tree.ClassNode.accept(ClassNode.java:468)
                at org.robolectric.internal.bytecode.ClassInstrumentor.instrumentToBytes(ClassInstrumentor.java:125)
                at org.robolectric.internal.bytecode.ClassInstrumentor.lambda$instrument$1(ClassInstrumentor.java:140)
                at org.robolectric.util.PerfStatsCollector.measure(PerfStatsCollector.java:53)
                at org.robolectric.internal.bytecode.ClassInstrumentor.instrument(ClassInstrumentor.java:140)
                at org.robolectric.internal.bytecode.SandboxClassLoader.maybeInstrumentClass(SandboxClassLoader.java:156)
                ... 15 more

DatabaseHelperTest > testGetMonthlyExpense FAILED
    java.lang.NoClassDefFoundError: android/webkit/RoboCookieManager
        at org.robolectric.Shadows.reset(Shadows.java:2748)
        at org.robolectric.android.internal.AndroidTestEnvironment.resetState(AndroidTestEnvironment.java:667)
        at org.robolectric.RobolectricTestRunner.lambda$finallyAfterTest$0(RobolectricTestRunner.java:370)
        at org.robolectric.util.PerfStatsCollector.measure(PerfStatsCollector.java:86)
        at org.robolectric.RobolectricTestRunner.finallyAfterTest(RobolectricTestRunner.java:368)
        at org.robolectric.internal.SandboxTestRunner$2.lambda$evaluate$2(SandboxTestRunner.java:298)
        at org.robolectric.internal.bytecode.Sandbox.lambda$runOnMainThread$0(Sandbox.java:101)
        at java.base/java.util.concurrent.FutureTask.run(FutureTask.java:328)
        at java.base/java.util.concurrent.ThreadPoolExecutor.runWorker(ThreadPoolExecutor.java:1090)
        at java.base/java.util.concurrent.ThreadPoolExecutor$Worker.run(ThreadPoolExecutor.java:614)
        at java.base/java.lang.Thread.run(Thread.java:1474)

        Caused by:
        java.lang.ClassNotFoundException: couldn't load android.webkit.RoboCookieManager
            at org.robolectric.internal.bytecode.SandboxClassLoader.maybeInstrumentClass(SandboxClassLoader.java:164)
            at org.robolectric.internal.bytecode.SandboxClassLoader.lambda$loadClass$0(SandboxClassLoader.java:136)
            at org.robolectric.util.PerfStatsCollector.measure(PerfStatsCollector.java:53)
            at org.robolectric.internal.bytecode.SandboxClassLoader.loadClass(SandboxClassLoader.java:136)
            at java.base/java.lang.ClassLoader.loadClass(ClassLoader.java:490)
            ... 11 more

            Caused by:
            java.lang.IllegalArgumentException: Unsupported class file major version 69
                at org.objectweb.asm.ClassReader.<init>(ClassReader.java:200)
                at org.objectweb.asm.ClassReader.<init>(ClassReader.java:180)
                at org.objectweb.asm.ClassReader.<init>(ClassReader.java:166)
                at org.robolectric.internal.bytecode.ClassNodeProvider.createClassNode(ClassNodeProvider.java:24)
                at org.robolectric.internal.bytecode.ClassNodeProvider.getClassNode(ClassNodeProvider.java:16)
                at org.robolectric.internal.bytecode.InstrumentingClassWriter.typeInfo(InstrumentingClassWriter.java:115)
                at org.robolectric.internal.bytecode.InstrumentingClassWriter.getCommonSuperClass(InstrumentingClassWriter.java:36)
                at org.objectweb.asm.SymbolTable.addMergedType(SymbolTable.java:1264)
                at org.objectweb.asm.Frame.merge(Frame.java:1311)
                at org.objectweb.asm.Frame.merge(Frame.java:1218)
                at org.objectweb.asm.MethodWriter.computeAllFrames(MethodWriter.java:1612)
                at org.objectweb.asm.MethodWriter.visitMaxs(MethodWriter.java:1548)
                at org.objectweb.asm.MethodVisitor.visitMaxs(MethodVisitor.java:786)
                at org.objectweb.asm.tree.MethodNode.accept(MethodNode.java:767)
                at org.objectweb.asm.tree.MethodNode.accept(MethodNode.java:647)
                at org.objectweb.asm.tree.ClassNode.accept(ClassNode.java:468)
                at org.robolectric.internal.bytecode.ClassInstrumentor.instrumentToBytes(ClassInstrumentor.java:125)
                at org.robolectric.internal.bytecode.ClassInstrumentor.lambda$instrument$1(ClassInstrumentor.java:140)
                at org.robolectric.util.PerfStatsCollector.measure(PerfStatsCollector.java:53)
                at org.robolectric.internal.bytecode.ClassInstrumentor.instrument(ClassInstrumentor.java:140)
                at org.robolectric.internal.bytecode.SandboxClassLoader.maybeInstrumentClass(SandboxClassLoader.java:156)
                ... 15 more

DatabaseHelperTest > testGetTransactionsByDate_NotFound FAILED
    java.lang.NoClassDefFoundError: android/webkit/RoboCookieManager
        at org.robolectric.Shadows.reset(Shadows.java:2748)
        at org.robolectric.android.internal.AndroidTestEnvironment.resetState(AndroidTestEnvironment.java:667)
        at org.robolectric.RobolectricTestRunner.lambda$finallyAfterTest$0(RobolectricTestRunner.java:370)
        at org.robolectric.util.PerfStatsCollector.measure(PerfStatsCollector.java:86)
        at org.robolectric.RobolectricTestRunner.finallyAfterTest(RobolectricTestRunner.java:368)
        at org.robolectric.internal.SandboxTestRunner$2.lambda$evaluate$2(SandboxTestRunner.java:298)
        at org.robolectric.internal.bytecode.Sandbox.lambda$runOnMainThread$0(Sandbox.java:101)
        at java.base/java.util.concurrent.FutureTask.run(FutureTask.java:328)
        at java.base/java.util.concurrent.ThreadPoolExecutor.runWorker(ThreadPoolExecutor.java:1090)
        at java.base/java.util.concurrent.ThreadPoolExecutor$Worker.run(ThreadPoolExecutor.java:614)
        at java.base/java.lang.Thread.run(Thread.java:1474)

        Caused by:
        java.lang.ClassNotFoundException: couldn't load android.webkit.RoboCookieManager
            at org.robolectric.internal.bytecode.SandboxClassLoader.maybeInstrumentClass(SandboxClassLoader.java:164)
            at org.robolectric.internal.bytecode.SandboxClassLoader.lambda$loadClass$0(SandboxClassLoader.java:136)
            at org.robolectric.util.PerfStatsCollector.measure(PerfStatsCollector.java:53)
            at org.robolectric.internal.bytecode.SandboxClassLoader.loadClass(SandboxClassLoader.java:136)
            at java.base/java.lang.ClassLoader.loadClass(ClassLoader.java:490)
            ... 11 more

            Caused by:
            java.lang.IllegalArgumentException: Unsupported class file major version 69
                at org.objectweb.asm.ClassReader.<init>(ClassReader.java:200)
                at org.objectweb.asm.ClassReader.<init>(ClassReader.java:180)
                at org.objectweb.asm.ClassReader.<init>(ClassReader.java:166)
                at org.robolectric.internal.bytecode.ClassNodeProvider.createClassNode(ClassNodeProvider.java:24)
                at org.robolectric.internal.bytecode.ClassNodeProvider.getClassNode(ClassNodeProvider.java:16)
                at org.robolectric.internal.bytecode.InstrumentingClassWriter.typeInfo(InstrumentingClassWriter.java:115)
                at org.robolectric.internal.bytecode.InstrumentingClassWriter.getCommonSuperClass(InstrumentingClassWriter.java:36)
                at org.objectweb.asm.SymbolTable.addMergedType(SymbolTable.java:1264)
                at org.objectweb.asm.Frame.merge(Frame.java:1311)
                at org.objectweb.asm.Frame.merge(Frame.java:1218)
                at org.objectweb.asm.MethodWriter.computeAllFrames(MethodWriter.java:1612)
                at org.objectweb.asm.MethodWriter.visitMaxs(MethodWriter.java:1548)
                at org.objectweb.asm.MethodVisitor.visitMaxs(MethodVisitor.java:786)
                at org.objectweb.asm.tree.MethodNode.accept(MethodNode.java:767)
                at org.objectweb.asm.tree.MethodNode.accept(MethodNode.java:647)
                at org.objectweb.asm.tree.ClassNode.accept(ClassNode.java:468)
                at org.robolectric.internal.bytecode.ClassInstrumentor.instrumentToBytes(ClassInstrumentor.java:125)
                at org.robolectric.internal.bytecode.ClassInstrumentor.lambda$instrument$1(ClassInstrumentor.java:140)
                at org.robolectric.util.PerfStatsCollector.measure(PerfStatsCollector.java:53)
                at org.robolectric.internal.bytecode.ClassInstrumentor.instrument(ClassInstrumentor.java:140)
                at org.robolectric.internal.bytecode.SandboxClassLoader.maybeInstrumentClass(SandboxClassLoader.java:156)
                ... 15 more

DatabaseHelperTest > testGetAllTransactions_OrderByDateDesc FAILED
    java.lang.NoClassDefFoundError: android/webkit/RoboCookieManager
        at org.robolectric.Shadows.reset(Shadows.java:2748)
        at org.robolectric.android.internal.AndroidTestEnvironment.resetState(AndroidTestEnvironment.java:667)
        at org.robolectric.RobolectricTestRunner.lambda$finallyAfterTest$0(RobolectricTestRunner.java:370)
        at org.robolectric.util.PerfStatsCollector.measure(PerfStatsCollector.java:86)
        at org.robolectric.RobolectricTestRunner.finallyAfterTest(RobolectricTestRunner.java:368)
        at org.robolectric.internal.SandboxTestRunner$2.lambda$evaluate$2(SandboxTestRunner.java:298)
        at org.robolectric.internal.bytecode.Sandbox.lambda$runOnMainThread$0(Sandbox.java:101)
        at java.base/java.util.concurrent.FutureTask.run(FutureTask.java:328)
        at java.base/java.util.concurrent.ThreadPoolExecutor.runWorker(ThreadPoolExecutor.java:1090)
        at java.base/java.util.concurrent.ThreadPoolExecutor$Worker.run(ThreadPoolExecutor.java:614)
        at java.base/java.lang.Thread.run(Thread.java:1474)

        Caused by:
        java.lang.ClassNotFoundException: couldn't load android.webkit.RoboCookieManager
            at org.robolectric.internal.bytecode.SandboxClassLoader.maybeInstrumentClass(SandboxClassLoader.java:164)
            at org.robolectric.internal.bytecode.SandboxClassLoader.lambda$loadClass$0(SandboxClassLoader.java:136)
            at org.robolectric.util.PerfStatsCollector.measure(PerfStatsCollector.java:53)
            at org.robolectric.internal.bytecode.SandboxClassLoader.loadClass(SandboxClassLoader.java:136)
            at java.base/java.lang.ClassLoader.loadClass(ClassLoader.java:490)
            ... 11 more

            Caused by:
            java.lang.IllegalArgumentException: Unsupported class file major version 69
                at org.objectweb.asm.ClassReader.<init>(ClassReader.java:200)
                at org.objectweb.asm.ClassReader.<init>(ClassReader.java:180)
                at org.objectweb.asm.ClassReader.<init>(ClassReader.java:166)
                at org.robolectric.internal.bytecode.ClassNodeProvider.createClassNode(ClassNodeProvider.java:24)
                at org.robolectric.internal.bytecode.ClassNodeProvider.getClassNode(ClassNodeProvider.java:16)
                at org.robolectric.internal.bytecode.InstrumentingClassWriter.typeInfo(InstrumentingClassWriter.java:115)
                at org.robolectric.internal.bytecode.InstrumentingClassWriter.getCommonSuperClass(InstrumentingClassWriter.java:36)
                at org.objectweb.asm.SymbolTable.addMergedType(SymbolTable.java:1264)
                at org.objectweb.asm.Frame.merge(Frame.java:1311)
                at org.objectweb.asm.Frame.merge(Frame.java:1218)
                at org.objectweb.asm.MethodWriter.computeAllFrames(MethodWriter.java:1612)
                at org.objectweb.asm.MethodWriter.visitMaxs(MethodWriter.java:1548)
                at org.objectweb.asm.MethodVisitor.visitMaxs(MethodVisitor.java:786)
                at org.objectweb.asm.tree.MethodNode.accept(MethodNode.java:767)
                at org.objectweb.asm.tree.MethodNode.accept(MethodNode.java:647)
                at org.objectweb.asm.tree.ClassNode.accept(ClassNode.java:468)
                at org.robolectric.internal.bytecode.ClassInstrumentor.instrumentToBytes(ClassInstrumentor.java:125)
                at org.robolectric.internal.bytecode.ClassInstrumentor.lambda$instrument$1(ClassInstrumentor.java:140)
                at org.robolectric.util.PerfStatsCollector.measure(PerfStatsCollector.java:53)
                at org.robolectric.internal.bytecode.ClassInstrumentor.instrument(ClassInstrumentor.java:140)
                at org.robolectric.internal.bytecode.SandboxClassLoader.maybeInstrumentClass(SandboxClassLoader.java:156)
                ... 15 more

DatabaseHelperTest > testSpecialCharactersInNote FAILED
    java.lang.NoClassDefFoundError: android/webkit/RoboCookieManager
        at org.robolectric.Shadows.reset(Shadows.java:2748)
        at org.robolectric.android.internal.AndroidTestEnvironment.resetState(AndroidTestEnvironment.java:667)
        at org.robolectric.RobolectricTestRunner.lambda$finallyAfterTest$0(RobolectricTestRunner.java:370)
        at org.robolectric.util.PerfStatsCollector.measure(PerfStatsCollector.java:86)
        at org.robolectric.RobolectricTestRunner.finallyAfterTest(RobolectricTestRunner.java:368)
        at org.robolectric.internal.SandboxTestRunner$2.lambda$evaluate$2(SandboxTestRunner.java:298)
        at org.robolectric.internal.bytecode.Sandbox.lambda$runOnMainThread$0(Sandbox.java:101)
        at java.base/java.util.concurrent.FutureTask.run(FutureTask.java:328)
        at java.base/java.util.concurrent.ThreadPoolExecutor.runWorker(ThreadPoolExecutor.java:1090)
        at java.base/java.util.concurrent.ThreadPoolExecutor$Worker.run(ThreadPoolExecutor.java:614)
        at java.base/java.lang.Thread.run(Thread.java:1474)

        Caused by:
        java.lang.ClassNotFoundException: couldn't load android.webkit.RoboCookieManager
            at org.robolectric.internal.bytecode.SandboxClassLoader.maybeInstrumentClass(SandboxClassLoader.java:164)
            at org.robolectric.internal.bytecode.SandboxClassLoader.lambda$loadClass$0(SandboxClassLoader.java:136)
            at org.robolectric.util.PerfStatsCollector.measure(PerfStatsCollector.java:53)
            at org.robolectric.internal.bytecode.SandboxClassLoader.loadClass(SandboxClassLoader.java:136)
            at java.base/java.lang.ClassLoader.loadClass(ClassLoader.java:490)
            ... 11 more

            Caused by:
            java.lang.IllegalArgumentException: Unsupported class file major version 69
                at org.objectweb.asm.ClassReader.<init>(ClassReader.java:200)
                at org.objectweb.asm.ClassReader.<init>(ClassReader.java:180)
                at org.objectweb.asm.ClassReader.<init>(ClassReader.java:166)
                at org.robolectric.internal.bytecode.ClassNodeProvider.createClassNode(ClassNodeProvider.java:24)
                at org.robolectric.internal.bytecode.ClassNodeProvider.getClassNode(ClassNodeProvider.java:16)
                at org.robolectric.internal.bytecode.InstrumentingClassWriter.typeInfo(InstrumentingClassWriter.java:115)
                at org.robolectric.internal.bytecode.InstrumentingClassWriter.getCommonSuperClass(InstrumentingClassWriter.java:36)
                at org.objectweb.asm.SymbolTable.addMergedType(SymbolTable.java:1264)
                at org.objectweb.asm.Frame.merge(Frame.java:1311)
                at org.objectweb.asm.Frame.merge(Frame.java:1218)
                at org.objectweb.asm.MethodWriter.computeAllFrames(MethodWriter.java:1612)
                at org.objectweb.asm.MethodWriter.visitMaxs(MethodWriter.java:1548)
                at org.objectweb.asm.MethodVisitor.visitMaxs(MethodVisitor.java:786)
                at org.objectweb.asm.tree.MethodNode.accept(MethodNode.java:767)
                at org.objectweb.asm.tree.MethodNode.accept(MethodNode.java:647)
                at org.objectweb.asm.tree.ClassNode.accept(ClassNode.java:468)
                at org.robolectric.internal.bytecode.ClassInstrumentor.instrumentToBytes(ClassInstrumentor.java:125)
                at org.robolectric.internal.bytecode.ClassInstrumentor.lambda$instrument$1(ClassInstrumentor.java:140)
                at org.robolectric.util.PerfStatsCollector.measure(PerfStatsCollector.java:53)
                at org.robolectric.internal.bytecode.ClassInstrumentor.instrument(ClassInstrumentor.java:140)
                at org.robolectric.internal.bytecode.SandboxClassLoader.maybeInstrumentClass(SandboxClassLoader.java:156)
                ... 15 more

DatabaseHelperTest > testGetMonthlyDailySummaries FAILED
    java.lang.NoClassDefFoundError: android/webkit/RoboCookieManager
        at org.robolectric.Shadows.reset(Shadows.java:2748)
        at org.robolectric.android.internal.AndroidTestEnvironment.resetState(AndroidTestEnvironment.java:667)
        at org.robolectric.RobolectricTestRunner.lambda$finallyAfterTest$0(RobolectricTestRunner.java:370)
        at org.robolectric.util.PerfStatsCollector.measure(PerfStatsCollector.java:86)
        at org.robolectric.RobolectricTestRunner.finallyAfterTest(RobolectricTestRunner.java:368)
        at org.robolectric.internal.SandboxTestRunner$2.lambda$evaluate$2(SandboxTestRunner.java:298)
        at org.robolectric.internal.bytecode.Sandbox.lambda$runOnMainThread$0(Sandbox.java:101)
        at java.base/java.util.concurrent.FutureTask.run(FutureTask.java:328)
        at java.base/java.util.concurrent.ThreadPoolExecutor.runWorker(ThreadPoolExecutor.java:1090)
        at java.base/java.util.concurrent.ThreadPoolExecutor$Worker.run(ThreadPoolExecutor.java:614)
        at java.base/java.lang.Thread.run(Thread.java:1474)

        Caused by:
        java.lang.ClassNotFoundException: couldn't load android.webkit.RoboCookieManager
            at org.robolectric.internal.bytecode.SandboxClassLoader.maybeInstrumentClass(SandboxClassLoader.java:164)
            at org.robolectric.internal.bytecode.SandboxClassLoader.lambda$loadClass$0(SandboxClassLoader.java:136)
            at org.robolectric.util.PerfStatsCollector.measure(PerfStatsCollector.java:53)
            at org.robolectric.internal.bytecode.SandboxClassLoader.loadClass(SandboxClassLoader.java:136)
            at java.base/java.lang.ClassLoader.loadClass(ClassLoader.java:490)
            ... 11 more

            Caused by:
            java.lang.IllegalArgumentException: Unsupported class file major version 69
                at org.objectweb.asm.ClassReader.<init>(ClassReader.java:200)
                at org.objectweb.asm.ClassReader.<init>(ClassReader.java:180)
                at org.objectweb.asm.ClassReader.<init>(ClassReader.java:166)
                at org.robolectric.internal.bytecode.ClassNodeProvider.createClassNode(ClassNodeProvider.java:24)
                at org.robolectric.internal.bytecode.ClassNodeProvider.getClassNode(ClassNodeProvider.java:16)
                at org.robolectric.internal.bytecode.InstrumentingClassWriter.typeInfo(InstrumentingClassWriter.java:115)
                at org.robolectric.internal.bytecode.InstrumentingClassWriter.getCommonSuperClass(InstrumentingClassWriter.java:36)
                at org.objectweb.asm.SymbolTable.addMergedType(SymbolTable.java:1264)
                at org.objectweb.asm.Frame.merge(Frame.java:1311)
                at org.objectweb.asm.Frame.merge(Frame.java:1218)
                at org.objectweb.asm.MethodWriter.computeAllFrames(MethodWriter.java:1612)
                at org.objectweb.asm.MethodWriter.visitMaxs(MethodWriter.java:1548)
                at org.objectweb.asm.MethodVisitor.visitMaxs(MethodVisitor.java:786)
                at org.objectweb.asm.tree.MethodNode.accept(MethodNode.java:767)
                at org.objectweb.asm.tree.MethodNode.accept(MethodNode.java:647)
                at org.objectweb.asm.tree.ClassNode.accept(ClassNode.java:468)
                at org.robolectric.internal.bytecode.ClassInstrumentor.instrumentToBytes(ClassInstrumentor.java:125)
                at org.robolectric.internal.bytecode.ClassInstrumentor.lambda$instrument$1(ClassInstrumentor.java:140)
                at org.robolectric.util.PerfStatsCollector.measure(PerfStatsCollector.java:53)
                at org.robolectric.internal.bytecode.ClassInstrumentor.instrument(ClassInstrumentor.java:140)
                at org.robolectric.internal.bytecode.SandboxClassLoader.maybeInstrumentClass(SandboxClassLoader.java:156)
                ... 15 more

DatabaseHelperTest > testGetTransactionsByDate_Found FAILED
    java.lang.NoClassDefFoundError: android/webkit/RoboCookieManager
        at org.robolectric.Shadows.reset(Shadows.java:2748)
        at org.robolectric.android.internal.AndroidTestEnvironment.resetState(AndroidTestEnvironment.java:667)
        at org.robolectric.RobolectricTestRunner.lambda$finallyAfterTest$0(RobolectricTestRunner.java:370)
        at org.robolectric.util.PerfStatsCollector.measure(PerfStatsCollector.java:86)
        at org.robolectric.RobolectricTestRunner.finallyAfterTest(RobolectricTestRunner.java:368)
        at org.robolectric.internal.SandboxTestRunner$2.lambda$evaluate$2(SandboxTestRunner.java:298)
        at org.robolectric.internal.bytecode.Sandbox.lambda$runOnMainThread$0(Sandbox.java:101)
        at java.base/java.util.concurrent.FutureTask.run(FutureTask.java:328)
        at java.base/java.util.concurrent.ThreadPoolExecutor.runWorker(ThreadPoolExecutor.java:1090)
        at java.base/java.util.concurrent.ThreadPoolExecutor$Worker.run(ThreadPoolExecutor.java:614)
        at java.base/java.lang.Thread.run(Thread.java:1474)

        Caused by:
        java.lang.ClassNotFoundException: couldn't load android.webkit.RoboCookieManager
            at org.robolectric.internal.bytecode.SandboxClassLoader.maybeInstrumentClass(SandboxClassLoader.java:164)
            at org.robolectric.internal.bytecode.SandboxClassLoader.lambda$loadClass$0(SandboxClassLoader.java:136)
            at org.robolectric.util.PerfStatsCollector.measure(PerfStatsCollector.java:53)
            at org.robolectric.internal.bytecode.SandboxClassLoader.loadClass(SandboxClassLoader.java:136)
            at java.base/java.lang.ClassLoader.loadClass(ClassLoader.java:490)
            ... 11 more

            Caused by:
            java.lang.IllegalArgumentException: Unsupported class file major version 69
                at org.objectweb.asm.ClassReader.<init>(ClassReader.java:200)
                at org.objectweb.asm.ClassReader.<init>(ClassReader.java:180)
                at org.objectweb.asm.ClassReader.<init>(ClassReader.java:166)
                at org.robolectric.internal.bytecode.ClassNodeProvider.createClassNode(ClassNodeProvider.java:24)
                at org.robolectric.internal.bytecode.ClassNodeProvider.getClassNode(ClassNodeProvider.java:16)
                at org.robolectric.internal.bytecode.InstrumentingClassWriter.typeInfo(InstrumentingClassWriter.java:115)
                at org.robolectric.internal.bytecode.InstrumentingClassWriter.getCommonSuperClass(InstrumentingClassWriter.java:36)
                at org.objectweb.asm.SymbolTable.addMergedType(SymbolTable.java:1264)
                at org.objectweb.asm.Frame.merge(Frame.java:1311)
                at org.objectweb.asm.Frame.merge(Frame.java:1218)
                at org.objectweb.asm.MethodWriter.computeAllFrames(MethodWriter.java:1612)
                at org.objectweb.asm.MethodWriter.visitMaxs(MethodWriter.java:1548)
                at org.objectweb.asm.MethodVisitor.visitMaxs(MethodVisitor.java:786)
                at org.objectweb.asm.tree.MethodNode.accept(MethodNode.java:767)
                at org.objectweb.asm.tree.MethodNode.accept(MethodNode.java:647)
                at org.objectweb.asm.tree.ClassNode.accept(ClassNode.java:468)
                at org.robolectric.internal.bytecode.ClassInstrumentor.instrumentToBytes(ClassInstrumentor.java:125)
                at org.robolectric.internal.bytecode.ClassInstrumentor.lambda$instrument$1(ClassInstrumentor.java:140)
                at org.robolectric.util.PerfStatsCollector.measure(PerfStatsCollector.java:53)
                at org.robolectric.internal.bytecode.ClassInstrumentor.instrument(ClassInstrumentor.java:140)
                at org.robolectric.internal.bytecode.SandboxClassLoader.maybeInstrumentClass(SandboxClassLoader.java:156)
                ... 15 more

DatabaseHelperTest > testLargeAmount FAILED
    java.lang.NoClassDefFoundError: android/webkit/RoboCookieManager
        at org.robolectric.Shadows.reset(Shadows.java:2748)
        at org.robolectric.android.internal.AndroidTestEnvironment.resetState(AndroidTestEnvironment.java:667)
        at org.robolectric.RobolectricTestRunner.lambda$finallyAfterTest$0(RobolectricTestRunner.java:370)
        at org.robolectric.util.PerfStatsCollector.measure(PerfStatsCollector.java:86)
        at org.robolectric.RobolectricTestRunner.finallyAfterTest(RobolectricTestRunner.java:368)
        at org.robolectric.internal.SandboxTestRunner$2.lambda$evaluate$2(SandboxTestRunner.java:298)
        at org.robolectric.internal.bytecode.Sandbox.lambda$runOnMainThread$0(Sandbox.java:101)
        at java.base/java.util.concurrent.FutureTask.run(FutureTask.java:328)
        at java.base/java.util.concurrent.ThreadPoolExecutor.runWorker(ThreadPoolExecutor.java:1090)
        at java.base/java.util.concurrent.ThreadPoolExecutor$Worker.run(ThreadPoolExecutor.java:614)
        at java.base/java.lang.Thread.run(Thread.java:1474)

        Caused by:
        java.lang.ClassNotFoundException: couldn't load android.webkit.RoboCookieManager
            at org.robolectric.internal.bytecode.SandboxClassLoader.maybeInstrumentClass(SandboxClassLoader.java:164)
            at org.robolectric.internal.bytecode.SandboxClassLoader.lambda$loadClass$0(SandboxClassLoader.java:136)
            at org.robolectric.util.PerfStatsCollector.measure(PerfStatsCollector.java:53)
            at org.robolectric.internal.bytecode.SandboxClassLoader.loadClass(SandboxClassLoader.java:136)
            at java.base/java.lang.ClassLoader.loadClass(ClassLoader.java:490)
            ... 11 more

            Caused by:
            java.lang.IllegalArgumentException: Unsupported class file major version 69
                at org.objectweb.asm.ClassReader.<init>(ClassReader.java:200)
                at org.objectweb.asm.ClassReader.<init>(ClassReader.java:180)
                at org.objectweb.asm.ClassReader.<init>(ClassReader.java:166)
                at org.robolectric.internal.bytecode.ClassNodeProvider.createClassNode(ClassNodeProvider.java:24)
                at org.robolectric.internal.bytecode.ClassNodeProvider.getClassNode(ClassNodeProvider.java:16)
                at org.robolectric.internal.bytecode.InstrumentingClassWriter.typeInfo(InstrumentingClassWriter.java:115)
                at org.robolectric.internal.bytecode.InstrumentingClassWriter.getCommonSuperClass(InstrumentingClassWriter.java:36)
                at org.objectweb.asm.SymbolTable.addMergedType(SymbolTable.java:1264)
                at org.objectweb.asm.Frame.merge(Frame.java:1311)
                at org.objectweb.asm.Frame.merge(Frame.java:1218)
                at org.objectweb.asm.MethodWriter.computeAllFrames(MethodWriter.java:1612)
                at org.objectweb.asm.MethodWriter.visitMaxs(MethodWriter.java:1548)
                at org.objectweb.asm.MethodVisitor.visitMaxs(MethodVisitor.java:786)
                at org.objectweb.asm.tree.MethodNode.accept(MethodNode.java:767)
                at org.objectweb.asm.tree.MethodNode.accept(MethodNode.java:647)
                at org.objectweb.asm.tree.ClassNode.accept(ClassNode.java:468)
                at org.robolectric.internal.bytecode.ClassInstrumentor.instrumentToBytes(ClassInstrumentor.java:125)
                at org.robolectric.internal.bytecode.ClassInstrumentor.lambda$instrument$1(ClassInstrumentor.java:140)
                at org.robolectric.util.PerfStatsCollector.measure(PerfStatsCollector.java:53)
                at org.robolectric.internal.bytecode.ClassInstrumentor.instrument(ClassInstrumentor.java:140)
                at org.robolectric.internal.bytecode.SandboxClassLoader.maybeInstrumentClass(SandboxClassLoader.java:156)
                ... 15 more

DatabaseHelperTest > testAddTransaction_EmptyNote FAILED
    java.lang.NoClassDefFoundError: android/webkit/RoboCookieManager
        at org.robolectric.Shadows.reset(Shadows.java:2748)
        at org.robolectric.android.internal.AndroidTestEnvironment.resetState(AndroidTestEnvironment.java:667)
        at org.robolectric.RobolectricTestRunner.lambda$finallyAfterTest$0(RobolectricTestRunner.java:370)
        at org.robolectric.util.PerfStatsCollector.measure(PerfStatsCollector.java:86)
        at org.robolectric.RobolectricTestRunner.finallyAfterTest(RobolectricTestRunner.java:368)
        at org.robolectric.internal.SandboxTestRunner$2.lambda$evaluate$2(SandboxTestRunner.java:298)
        at org.robolectric.internal.bytecode.Sandbox.lambda$runOnMainThread$0(Sandbox.java:101)
        at java.base/java.util.concurrent.FutureTask.run(FutureTask.java:328)
        at java.base/java.util.concurrent.ThreadPoolExecutor.runWorker(ThreadPoolExecutor.java:1090)
        at java.base/java.util.concurrent.ThreadPoolExecutor$Worker.run(ThreadPoolExecutor.java:614)
        at java.base/java.lang.Thread.run(Thread.java:1474)

        Caused by:
        java.lang.ClassNotFoundException: couldn't load android.webkit.RoboCookieManager
            at org.robolectric.internal.bytecode.SandboxClassLoader.maybeInstrumentClass(SandboxClassLoader.java:164)
            at org.robolectric.internal.bytecode.SandboxClassLoader.lambda$loadClass$0(SandboxClassLoader.java:136)
            at org.robolectric.util.PerfStatsCollector.measure(PerfStatsCollector.java:53)
            at org.robolectric.internal.bytecode.SandboxClassLoader.loadClass(SandboxClassLoader.java:136)
            at java.base/java.lang.ClassLoader.loadClass(ClassLoader.java:490)
            ... 11 more

            Caused by:
            java.lang.IllegalArgumentException: Unsupported class file major version 69
                at org.objectweb.asm.ClassReader.<init>(ClassReader.java:200)
                at org.objectweb.asm.ClassReader.<init>(ClassReader.java:180)
                at org.objectweb.asm.ClassReader.<init>(ClassReader.java:166)
                at org.robolectric.internal.bytecode.ClassNodeProvider.createClassNode(ClassNodeProvider.java:24)
                at org.robolectric.internal.bytecode.ClassNodeProvider.getClassNode(ClassNodeProvider.java:16)
                at org.robolectric.internal.bytecode.InstrumentingClassWriter.typeInfo(InstrumentingClassWriter.java:115)
                at org.robolectric.internal.bytecode.InstrumentingClassWriter.getCommonSuperClass(InstrumentingClassWriter.java:36)
                at org.objectweb.asm.SymbolTable.addMergedType(SymbolTable.java:1264)
                at org.objectweb.asm.Frame.merge(Frame.java:1311)
                at org.objectweb.asm.Frame.merge(Frame.java:1218)
                at org.objectweb.asm.MethodWriter.computeAllFrames(MethodWriter.java:1612)
                at org.objectweb.asm.MethodWriter.visitMaxs(MethodWriter.java:1548)
                at org.objectweb.asm.MethodVisitor.visitMaxs(MethodVisitor.java:786)
                at org.objectweb.asm.tree.MethodNode.accept(MethodNode.java:767)
                at org.objectweb.asm.tree.MethodNode.accept(MethodNode.java:647)
                at org.objectweb.asm.tree.ClassNode.accept(ClassNode.java:468)
                at org.robolectric.internal.bytecode.ClassInstrumentor.instrumentToBytes(ClassInstrumentor.java:125)
                at org.robolectric.internal.bytecode.ClassInstrumentor.lambda$instrument$1(ClassInstrumentor.java:140)
                at org.robolectric.util.PerfStatsCollector.measure(PerfStatsCollector.java:53)
                at org.robolectric.internal.bytecode.ClassInstrumentor.instrument(ClassInstrumentor.java:140)
                at org.robolectric.internal.bytecode.SandboxClassLoader.maybeInstrumentClass(SandboxClassLoader.java:156)
                ... 15 more

DatabaseHelperTest > testZeroAmount FAILED
    java.lang.NoClassDefFoundError: android/webkit/RoboCookieManager
        at org.robolectric.Shadows.reset(Shadows.java:2748)
        at org.robolectric.android.internal.AndroidTestEnvironment.resetState(AndroidTestEnvironment.java:667)
        at org.robolectric.RobolectricTestRunner.lambda$finallyAfterTest$0(RobolectricTestRunner.java:370)
        at org.robolectric.util.PerfStatsCollector.measure(PerfStatsCollector.java:86)
        at org.robolectric.RobolectricTestRunner.finallyAfterTest(RobolectricTestRunner.java:368)
        at org.robolectric.internal.SandboxTestRunner$2.lambda$evaluate$2(SandboxTestRunner.java:298)
        at org.robolectric.internal.bytecode.Sandbox.lambda$runOnMainThread$0(Sandbox.java:101)
        at java.base/java.util.concurrent.FutureTask.run(FutureTask.java:328)
        at java.base/java.util.concurrent.ThreadPoolExecutor.runWorker(ThreadPoolExecutor.java:1090)
        at java.base/java.util.concurrent.ThreadPoolExecutor$Worker.run(ThreadPoolExecutor.java:614)
        at java.base/java.lang.Thread.run(Thread.java:1474)

        Caused by:
        java.lang.ClassNotFoundException: couldn't load android.webkit.RoboCookieManager
            at org.robolectric.internal.bytecode.SandboxClassLoader.maybeInstrumentClass(SandboxClassLoader.java:164)
            at org.robolectric.internal.bytecode.SandboxClassLoader.lambda$loadClass$0(SandboxClassLoader.java:136)
            at org.robolectric.util.PerfStatsCollector.measure(PerfStatsCollector.java:53)
            at org.robolectric.internal.bytecode.SandboxClassLoader.loadClass(SandboxClassLoader.java:136)
            at java.base/java.lang.ClassLoader.loadClass(ClassLoader.java:490)
            ... 11 more

            Caused by:
            java.lang.IllegalArgumentException: Unsupported class file major version 69
                at org.objectweb.asm.ClassReader.<init>(ClassReader.java:200)
                at org.objectweb.asm.ClassReader.<init>(ClassReader.java:180)
                at org.objectweb.asm.ClassReader.<init>(ClassReader.java:166)
                at org.robolectric.internal.bytecode.ClassNodeProvider.createClassNode(ClassNodeProvider.java:24)
                at org.robolectric.internal.bytecode.ClassNodeProvider.getClassNode(ClassNodeProvider.java:16)
                at org.robolectric.internal.bytecode.InstrumentingClassWriter.typeInfo(InstrumentingClassWriter.java:115)
                at org.robolectric.internal.bytecode.InstrumentingClassWriter.getCommonSuperClass(InstrumentingClassWriter.java:36)
                at org.objectweb.asm.SymbolTable.addMergedType(SymbolTable.java:1264)
                at org.objectweb.asm.Frame.merge(Frame.java:1311)
                at org.objectweb.asm.Frame.merge(Frame.java:1218)
                at org.objectweb.asm.MethodWriter.computeAllFrames(MethodWriter.java:1612)
                at org.objectweb.asm.MethodWriter.visitMaxs(MethodWriter.java:1548)
                at org.objectweb.asm.MethodVisitor.visitMaxs(MethodVisitor.java:786)
                at org.objectweb.asm.tree.MethodNode.accept(MethodNode.java:767)
                at org.objectweb.asm.tree.MethodNode.accept(MethodNode.java:647)
                at org.objectweb.asm.tree.ClassNode.accept(ClassNode.java:468)
                at org.robolectric.internal.bytecode.ClassInstrumentor.instrumentToBytes(ClassInstrumentor.java:125)
                at org.robolectric.internal.bytecode.ClassInstrumentor.lambda$instrument$1(ClassInstrumentor.java:140)
                at org.robolectric.util.PerfStatsCollector.measure(PerfStatsCollector.java:53)
                at org.robolectric.internal.bytecode.ClassInstrumentor.instrument(ClassInstrumentor.java:140)
                at org.robolectric.internal.bytecode.SandboxClassLoader.maybeInstrumentClass(SandboxClassLoader.java:156)
                ... 15 more

DatabaseHelperTest > testDeleteTransaction_InvalidId FAILED
    java.lang.NoClassDefFoundError: android/webkit/RoboCookieManager
        at org.robolectric.Shadows.reset(Shadows.java:2748)
        at org.robolectric.android.internal.AndroidTestEnvironment.resetState(AndroidTestEnvironment.java:667)
        at org.robolectric.RobolectricTestRunner.lambda$finallyAfterTest$0(RobolectricTestRunner.java:370)
        at org.robolectric.util.PerfStatsCollector.measure(PerfStatsCollector.java:86)
        at org.robolectric.RobolectricTestRunner.finallyAfterTest(RobolectricTestRunner.java:368)
        at org.robolectric.internal.SandboxTestRunner$2.lambda$evaluate$2(SandboxTestRunner.java:298)
        at org.robolectric.internal.bytecode.Sandbox.lambda$runOnMainThread$0(Sandbox.java:101)
        at java.base/java.util.concurrent.FutureTask.run(FutureTask.java:328)
        at java.base/java.util.concurrent.ThreadPoolExecutor.runWorker(ThreadPoolExecutor.java:1090)
        at java.base/java.util.concurrent.ThreadPoolExecutor$Worker.run(ThreadPoolExecutor.java:614)
        at java.base/java.lang.Thread.run(Thread.java:1474)

        Caused by:
        java.lang.ClassNotFoundException: couldn't load android.webkit.RoboCookieManager
            at org.robolectric.internal.bytecode.SandboxClassLoader.maybeInstrumentClass(SandboxClassLoader.java:164)
            at org.robolectric.internal.bytecode.SandboxClassLoader.lambda$loadClass$0(SandboxClassLoader.java:136)
            at org.robolectric.util.PerfStatsCollector.measure(PerfStatsCollector.java:53)
            at org.robolectric.internal.bytecode.SandboxClassLoader.loadClass(SandboxClassLoader.java:136)
            at java.base/java.lang.ClassLoader.loadClass(ClassLoader.java:490)
            ... 11 more

            Caused by:
            java.lang.IllegalArgumentException: Unsupported class file major version 69
                at org.objectweb.asm.ClassReader.<init>(ClassReader.java:200)
                at org.objectweb.asm.ClassReader.<init>(ClassReader.java:180)
                at org.objectweb.asm.ClassReader.<init>(ClassReader.java:166)
                at org.robolectric.internal.bytecode.ClassNodeProvider.createClassNode(ClassNodeProvider.java:24)
                at org.robolectric.internal.bytecode.ClassNodeProvider.getClassNode(ClassNodeProvider.java:16)
                at org.robolectric.internal.bytecode.InstrumentingClassWriter.typeInfo(InstrumentingClassWriter.java:115)
                at org.robolectric.internal.bytecode.InstrumentingClassWriter.getCommonSuperClass(InstrumentingClassWriter.java:36)
                at org.objectweb.asm.SymbolTable.addMergedType(SymbolTable.java:1264)
                at org.objectweb.asm.Frame.merge(Frame.java:1311)
                at org.objectweb.asm.Frame.merge(Frame.java:1218)
                at org.objectweb.asm.MethodWriter.computeAllFrames(MethodWriter.java:1612)
                at org.objectweb.asm.MethodWriter.visitMaxs(MethodWriter.java:1548)
                at org.objectweb.asm.MethodVisitor.visitMaxs(MethodVisitor.java:786)
                at org.objectweb.asm.tree.MethodNode.accept(MethodNode.java:767)
                at org.objectweb.asm.tree.MethodNode.accept(MethodNode.java:647)
                at org.objectweb.asm.tree.ClassNode.accept(ClassNode.java:468)
                at org.robolectric.internal.bytecode.ClassInstrumentor.instrumentToBytes(ClassInstrumentor.java:125)
                at org.robolectric.internal.bytecode.ClassInstrumentor.lambda$instrument$1(ClassInstrumentor.java:140)
                at org.robolectric.util.PerfStatsCollector.measure(PerfStatsCollector.java:53)
                at org.robolectric.internal.bytecode.ClassInstrumentor.instrument(ClassInstrumentor.java:140)
                at org.robolectric.internal.bytecode.SandboxClassLoader.maybeInstrumentClass(SandboxClassLoader.java:156)
                ... 15 more

Gradle Test Executor 1 finished executing tests.


25 tests completed, 1
6 failed
> Task :app:testDebugUnitTest FAILED
Finished generating test XML results (0.02 secs) into: C:\Users\28692\Desktop\miniapp\app\build\test-results\testDebugUnitTest
Generating HTML test report...
Finished generating test html results (0.046 secs) into: C:\Users\28692\Desktop\miniapp\app\build\reports\tests\testDebugUnitTest


[Incubating] Problems report is available at: file:///C:/Users/28692/Desktop/miniapp/build/reports/problems/problems-report.html

Deprecated Gradle features were used in this build, making it incompatible with Gradle 10.0.

FAILURE: Build failed
 with an exception.

You can use '--warning-mode all' to show the individual deprecation warnings and determine if they come from your own scripts or plugins.

For more on this, please refer to https://docs.gradle.org/9.0-milestone-1/userguide/command_line_interface.html#sec:command_line_warnings in the Gradle documentation.
26 actionable tasks: 8 executed, 18 up-to-date
Watched directory hierarchies: [C:\Users\28692\Desktop\miniapp]
* What went wrong:
Execution failed for 
task ':app:testDebugU
nitTest'.
> There were failing 
tests. See the report
 at: file:///C:/Users
/28692/Desktop/miniap
p/app/build/reports/t
ests/testDebugUnitTes
t/index.html

* Try:
> Run with --scan to 
get full insights.

BUILD FAILED in 17m 7
s
